Component: ARM Compiler 5.06 update 7 (build 960) Tool: armlink [4d3601]

==============================================================================

Section Cross References

    startup_stm32f10x_md.o(STACK) refers (Special) to heapauxi.o(.text) for __use_two_region_memory
    startup_stm32f10x_md.o(HEAP) refers (Special) to heapauxi.o(.text) for __use_two_region_memory
    startup_stm32f10x_md.o(RESET) refers (Special) to heapauxi.o(.text) for __use_two_region_memory
    startup_stm32f10x_md.o(RESET) refers to startup_stm32f10x_md.o(STACK) for __initial_sp
    startup_stm32f10x_md.o(RESET) refers to startup_stm32f10x_md.o(.text) for Reset_Handler
    startup_stm32f10x_md.o(RESET) refers to stm32f10x_it.o(i.NMI_Handler) for NMI_Handler
    startup_stm32f10x_md.o(RESET) refers to stm32f10x_it.o(i.HardFault_Handler) for HardFault_Handler
    startup_stm32f10x_md.o(RESET) refers to stm32f10x_it.o(i.MemManage_Handler) for MemManage_Handler
    startup_stm32f10x_md.o(RESET) refers to stm32f10x_it.o(i.BusFault_Handler) for BusFault_Handler
    startup_stm32f10x_md.o(RESET) refers to stm32f10x_it.o(i.UsageFault_Handler) for UsageFault_Handler
    startup_stm32f10x_md.o(RESET) refers to stm32f10x_it.o(i.SVC_Handler) for SVC_Handler
    startup_stm32f10x_md.o(RESET) refers to stm32f10x_it.o(i.DebugMon_Handler) for DebugMon_Handler
    startup_stm32f10x_md.o(RESET) refers to stm32f10x_it.o(i.PendSV_Handler) for PendSV_Handler
    startup_stm32f10x_md.o(RESET) refers to stm32f10x_it.o(i.SysTick_Handler) for SysTick_Handler
    startup_stm32f10x_md.o(RESET) refers to timer.o(i.TIM2_IRQHandler) for TIM2_IRQHandler
    startup_stm32f10x_md.o(.text) refers (Special) to heapauxi.o(.text) for __use_two_region_memory
    startup_stm32f10x_md.o(.text) refers to system_stm32f10x.o(i.SystemInit) for SystemInit
    startup_stm32f10x_md.o(.text) refers to __main.o(!!!main) for __main
    startup_stm32f10x_md.o(.text) refers to startup_stm32f10x_md.o(HEAP) for Heap_Mem
    startup_stm32f10x_md.o(.text) refers to startup_stm32f10x_md.o(STACK) for Stack_Mem
    system_stm32f10x.o(i.SystemCoreClockUpdate) refers to system_stm32f10x.o(.data) for .data
    system_stm32f10x.o(i.SystemInit) refers to system_stm32f10x.o(i.SetSysClockTo72) for SetSysClockTo72
    stm32f10x_adc.o(i.ADC_DeInit) refers to stm32f10x_rcc.o(i.RCC_APB2PeriphResetCmd) for RCC_APB2PeriphResetCmd
    stm32f10x_bkp.o(i.BKP_DeInit) refers to stm32f10x_rcc.o(i.RCC_BackupResetCmd) for RCC_BackupResetCmd
    stm32f10x_can.o(i.CAN_DeInit) refers to stm32f10x_rcc.o(i.RCC_APB1PeriphResetCmd) for RCC_APB1PeriphResetCmd
    stm32f10x_can.o(i.CAN_GetITStatus) refers to stm32f10x_can.o(i.CheckITStatus) for CheckITStatus
    stm32f10x_cec.o(i.CEC_DeInit) refers to stm32f10x_rcc.o(i.RCC_APB1PeriphResetCmd) for RCC_APB1PeriphResetCmd
    stm32f10x_dac.o(i.DAC_DeInit) refers to stm32f10x_rcc.o(i.RCC_APB1PeriphResetCmd) for RCC_APB1PeriphResetCmd
    stm32f10x_flash.o(i.FLASH_EnableWriteProtection) refers to stm32f10x_flash.o(i.FLASH_WaitForLastOperation) for FLASH_WaitForLastOperation
    stm32f10x_flash.o(i.FLASH_EraseAllBank1Pages) refers to stm32f10x_flash.o(i.FLASH_WaitForLastBank1Operation) for FLASH_WaitForLastBank1Operation
    stm32f10x_flash.o(i.FLASH_EraseAllPages) refers to stm32f10x_flash.o(i.FLASH_WaitForLastOperation) for FLASH_WaitForLastOperation
    stm32f10x_flash.o(i.FLASH_EraseOptionBytes) refers to stm32f10x_flash.o(i.FLASH_GetReadOutProtectionStatus) for FLASH_GetReadOutProtectionStatus
    stm32f10x_flash.o(i.FLASH_EraseOptionBytes) refers to stm32f10x_flash.o(i.FLASH_WaitForLastOperation) for FLASH_WaitForLastOperation
    stm32f10x_flash.o(i.FLASH_ErasePage) refers to stm32f10x_flash.o(i.FLASH_WaitForLastOperation) for FLASH_WaitForLastOperation
    stm32f10x_flash.o(i.FLASH_ProgramHalfWord) refers to stm32f10x_flash.o(i.FLASH_WaitForLastOperation) for FLASH_WaitForLastOperation
    stm32f10x_flash.o(i.FLASH_ProgramOptionByteData) refers to stm32f10x_flash.o(i.FLASH_WaitForLastOperation) for FLASH_WaitForLastOperation
    stm32f10x_flash.o(i.FLASH_ProgramWord) refers to stm32f10x_flash.o(i.FLASH_WaitForLastOperation) for FLASH_WaitForLastOperation
    stm32f10x_flash.o(i.FLASH_ReadOutProtection) refers to stm32f10x_flash.o(i.FLASH_WaitForLastOperation) for FLASH_WaitForLastOperation
    stm32f10x_flash.o(i.FLASH_UserOptionByteConfig) refers to stm32f10x_flash.o(i.FLASH_WaitForLastOperation) for FLASH_WaitForLastOperation
    stm32f10x_flash.o(i.FLASH_WaitForLastBank1Operation) refers to stm32f10x_flash.o(i.FLASH_GetBank1Status) for FLASH_GetBank1Status
    stm32f10x_flash.o(i.FLASH_WaitForLastOperation) refers to stm32f10x_flash.o(i.FLASH_GetBank1Status) for FLASH_GetBank1Status
    stm32f10x_gpio.o(i.GPIO_AFIODeInit) refers to stm32f10x_rcc.o(i.RCC_APB2PeriphResetCmd) for RCC_APB2PeriphResetCmd
    stm32f10x_gpio.o(i.GPIO_DeInit) refers to stm32f10x_rcc.o(i.RCC_APB2PeriphResetCmd) for RCC_APB2PeriphResetCmd
[...]
    __rt_lib_shutdown_fp_trap_1              0x0800025f   Thumb Code     0  libshutdown2.o(.ARM.Collect$$libshutdown$$00000009)
    __rt_lib_shutdown_heap_1                 0x0800025f   Thumb Code     0  libshutdown2.o(.ARM.Collect$$libshutdown$$00000011)
    __rt_lib_shutdown_return                 0x0800025f   Thumb Code     0  libshutdown2.o(.ARM.Collect$$libshutdown$$00000012)
    __rt_lib_shutdown_signal_1               0x0800025f   Thumb Code     0  libshutdown2.o(.ARM.Collect$$libshutdown$$0000000C)
    __rt_lib_shutdown_stdio_1                0x0800025f   Thumb Code     0  libshutdown2.o(.ARM.Collect$$libshutdown$$00000006)
    __rt_lib_shutdown_user_alloc_1           0x0800025f   Thumb Code     0  libshutdown2.o(.ARM.Collect$$libshutdown$$0000000E)
    __rt_entry                               0x08000261   Thumb Code     0  __rtentry.o(.ARM.Collect$$rtentry$$00000000)
    __rt_entry_presh_1                       0x08000261   Thumb Code     0  __rtentry2.o(.ARM.Collect$$rtentry$$00000002)
    __rt_entry_sh                            0x08000261   Thumb Code     0  __rtentry4.o(.ARM.Collect$$rtentry$$00000004)
    __rt_entry_li                            0x08000267   Thumb Code     0  __rtentry2.o(.ARM.Collect$$rtentry$$0000000A)
    __rt_entry_postsh_1                      0x08000267   Thumb Code     0  __rtentry2.o(.ARM.Collect$$rtentry$$00000009)
    __rt_entry_main                          0x0800026b   Thumb Code     0  __rtentry2.o(.ARM.Collect$$rtentry$$0000000D)
    __rt_entry_postli_1                      0x0800026b   Thumb Code     0  __rtentry2.o(.ARM.Collect$$rtentry$$0000000C)
    __rt_exit                                0x08000273   Thumb Code     0  rtexit.o(.ARM.Collect$$rtexit$$00000000)
    __rt_exit_ls                             0x08000275   Thumb Code     0  rtexit2.o(.ARM.Collect$$rtexit$$00000003)
    __rt_exit_prels_1                        0x08000275   Thumb Code     0  rtexit2.o(.ARM.Collect$$rtexit$$00000002)
    __rt_exit_exit                           0x08000279   Thumb Code     0  rtexit2.o(.ARM.Collect$$rtexit$$00000004)
    rand                                     0x08000281   Thumb Code    48  rand.o(.emb_text)
    Reset_Handler                            0x080002b5   Thumb Code     8  startup_stm32f10x_md.o(.text)
    _maybe_terminate_alloc                   0x080002b5   Thumb Code     0  maybetermalloc1.o(.emb_text)
    ADC1_2_IRQHandler                        0x080002cf   Thumb Code     0  startup_stm32f10x_md.o(.text)
    CAN1_RX1_IRQHandler                      0x080002cf   Thumb Code     0  startup_stm32f10x_md.o(.text)
    CAN1_SCE_IRQHandler                      0x080002cf   Thumb Code     0  startup_stm32f10x_md.o(.text)
    DMA1_Channel1_IRQHandler                 0x080002cf   Thumb Code     0  startup_stm32f10x_md.o(.text)
    DMA1_Channel2_IRQHandler                 0x080002cf   Thumb Code     0  startup_stm32f10x_md.o(.text)
    DMA1_Channel3_IRQHandler                 0x080002cf   Thumb Code     0  startup_stm32f10x_md.o(.text)
    DMA1_Channel4_IRQHandler                 0x080002cf   Thumb Code     0  startup_stm32f10x_md.o(.text)
    DMA1_Channel5_IRQHandler                 0x080002cf   Thumb Code     0  startup_stm32f10x_md.o(.text)
    DMA1_Channel6_IRQHandler                 0x080002cf   Thumb Code     0  startup_stm32f10x_md.o(.text)
    DMA1_Channel7_IRQHandler                 0x080002cf   Thumb Code     0  startup_stm32f10x_md.o(.text)
    EXTI0_IRQHandler                         0x080002cf   Thumb Code     0  startup_stm32f10x_md.o(.text)
    EXTI15_10_IRQHandler                     0x080002cf   Thumb Code     0  startup_stm32f10x_md.o(.text)
    EXTI1_IRQHandler                         0x080002cf   Thumb Code     0  startup_stm32f10x_md.o(.text)
    EXTI2_IRQHandler                         0x080002cf   Thumb Code     0  startup_stm32f10x_md.o(.text)
    EXTI3_IRQHandler                         0x080002cf   Thumb Code     0  startup_stm32f10x_md.o(.text)
    EXTI4_IRQHandler                         0x080002cf   Thumb Code     0  startup_stm32f10x_md.o(.text)
    EXTI9_5_IRQHandler                       0x080002cf   Thumb Code     0  startup_stm32f10x_md.o(.text)
    FLASH_IRQHandler                         0x080002cf   Thumb Code     0  startup_stm32f10x_md.o(.text)
    I2C1_ER_IRQHandler                       0x080002cf   Thumb Code     0  startup_stm32f10x_md.o(.text)
    I2C1_EV_IRQHandler                       0x080002cf   Thumb Code     0  startup_stm32f10x_md.o(.text)
    I2C2_ER_IRQHandler                       0x080002cf   Thumb Code     0  startup_stm32f10x_md.o(.text)
    I2C2_EV_IRQHandler                       0x080002cf   Thumb Code     0  startup_stm32f10x_md.o(.text)
    PVD_IRQHandler                           0x080002cf   Thumb Code     0  startup_stm32f10x_md.o(.text)
    RCC_IRQHandler                           0x080002cf   Thumb Code     0  startup_stm32f10x_md.o(.text)
    RTCAlarm_IRQHandler                      0x080002cf   Thumb Code     0  startup_stm32f10x_md.o(.text)
    RTC_IRQHandler                           0x080002cf   Thumb Code     0  startup_stm32f10x_md.o(.text)
    SPI1_IRQHandler                          0x080002cf   Thumb Code     0  startup_stm32f10x_md.o(.text)
    SPI2_IRQHandler                          0x080002cf   Thumb Code     0  startup_stm32f10x_md.o(.text)
    TAMPER_IRQHandler                        0x080002cf   Thumb Code     0  startup_stm32f10x_md.o(.text)
    TIM1_BRK_IRQHandler                      0x080002cf   Thumb Code     0  startup_stm32f10x_md.o(.text)
    TIM1_CC_IRQHandler                       0x080002cf   Thumb Code     0  startup_stm32f10x_md.o(.text)
    TIM1_TRG_COM_IRQHandler                  0x080002cf   Thumb Code     0  startup_stm32f10x_md.o(.text)
    TIM1_UP_IRQHandler                       0x080002cf   Thumb Code     0  startup_stm32f10x_md.o(.text)
    TIM3_IRQHandler                          0x080002cf   Thumb Code     0  startup_stm32f10x_md.o(.text)
    TIM4_IRQHandler                          0x080002cf   Thumb Code     0  startup_stm32f10x_md.o(.text)
    USART1_IRQHandler                        0x080002cf   Thumb Code     0  startup_stm32f10x_md.o(.text)
    USART2_IRQHandler                        0x080002cf   Thumb Code     0  startup_stm32f10x_md.o(.text)
    USART3_IRQHandler                        0x080002cf   Thumb Code     0  startup_stm32f10x_md.o(.text)
    USBWakeUp_IRQHandler                     0x080002cf   Thumb Code     0  startup_stm32f10x_md.o(.text)
    USB_HP_CAN1_TX_IRQHandler                0x080002cf   Thumb Code     0  startup_stm32f10x_md.o(.text)
    USB_LP_CAN1_RX0_IRQHandler               0x080002cf   Thumb Code     0  startup_stm32f10x_md.o(.text)
    WWDG_IRQHandler                          0x080002cf   Thumb Code     0  startup_stm32f10x_md.o(.text)
    __user_initial_stackheap                 0x080002d1   Thumb Code     0  startup_stm32f10x_md.o(.text)
    malloc                                   0x080002f5   Thumb Code    94  h1_alloc.o(.text)
    vsprintf                                 0x08000355   Thumb Code    32  vsprintf.o(.text)
    srand                                    0x08000379   Thumb Code    42  rand.o(.text)
    _rand_init                               0x080003a3   Thumb Code     4  rand.o(.text)
    __aeabi_memcpy4                          0x080003b5   Thumb Code     0  rt_memcpy_w.o(.text)
    __aeabi_memcpy8                          0x080003b5   Thumb Code     0  rt_memcpy_w.o(.text)
    __rt_memcpy_w                            0x080003b5   Thumb Code   100  rt_memcpy_w.o(.text)
    _memcpy_lastbytes_aligned                0x080003fd   Thumb Code     0  rt_memcpy_w.o(.text)
    strcmp                                   0x08000419   Thumb Code   128  strcmpv7m.o(.text)
    localtime                                0x08000499   Thumb Code     6  localtime.o(.text)
    mktime                                   0x080004e3   Thumb Code   356  mktime.o(.text)
    __use_two_region_memory                  0x08000651   Thumb Code     2  heapauxi.o(.text)
    __rt_heap_escrow                         0x08000653   Thumb Code     2  heapauxi.o(.text)
    __rt_heap_expand                         0x08000655   Thumb Code     2  heapauxi.o(.text)
    __rt_heap_descriptor                     0x08000659   Thumb Code     8  rt_heap_descriptor_intlibspace.o(.text)
    __use_no_heap                            0x08000661   Thumb Code     2  hguard.o(.text)
    __heap$guard                             0x08000663   Thumb Code     2  hguard.o(.text)
    _terminate_user_alloc                    0x08000665   Thumb Code     2  init_alloc.o(.text)
    _init_user_alloc                         0x08000667   Thumb Code     2  init_alloc.o(.text)
    __Heap_Full                              0x08000669   Thumb Code    34  init_alloc.o(.text)
    __Heap_Broken                            0x0800068b   Thumb Code     6  init_alloc.o(.text)
    _init_alloc                              0x08000691   Thumb Code    94  init_alloc.o(.text)
    __Heap_Initialize                        0x080006ef   Thumb Code    10  h1_init.o(.text)
    __Heap_DescSize                          0x080006f9   Thumb Code     4  h1_init.o(.text)
    free                                     0x080006fd   Thumb Code    78  h1_free.o(.text)
    __read_errno                             0x0800074b   Thumb Code    10  _rserrno.o(.text)
    __set_errno                              0x08000755   Thumb Code    12  _rserrno.o(.text)
    _printf_pre_padding                      0x08000761   Thumb Code    44  _printf_pad.o(.text)
    _printf_post_padding                     0x0800078d   Thumb Code    34  _printf_pad.o(.text)
    _printf_truncate_signed                  0x080007af   Thumb Code    18  _printf_truncate.o(.text)
    _printf_truncate_unsigned                0x080007c1   Thumb Code    18  _printf_truncate.o(.text)
    _printf_str                              0x080007d3   Thumb Code    82  _printf_str.o(.text)
    _printf_int_dec                          0x08000825   Thumb Code   104  _printf_dec.o(.text)
    _printf_charcount                        0x0800089d   Thumb Code    40  _printf_charcount.o(.text)
    _printf_char_common                      0x080008cf   Thumb Code    32  _printf_char_common.o(.text)
    _sputc                                   0x080008f5   Thumb Code    10  _sputc.o(.text)
    _printf_wctomb                           0x08000901   Thumb Code   182  _printf_wctomb.o(.text)
    _printf_longlong_dec                     0x080009bd   Thumb Code   108  _printf_longlong_dec.o(.text)
    _printf_longlong_oct                     0x08000a39   Thumb Code    66  _printf_oct_int_ll.o(.text)
    _printf_int_oct                          0x08000a7b   Thumb Code    24  _printf_oct_int_ll.o(.text)
    _printf_ll_oct                           0x08000a93   Thumb Code    12  _printf_oct_int_ll.o(.text)
    _printf_longlong_hex                     0x08000aa9   Thumb Code    86  _printf_hex_int_ll_ptr.o(.text)
    _printf_int_hex                          0x08000aff   Thumb Code    28  _printf_hex_int_ll_ptr.o(.text)
    _printf_ll_hex                           0x08000b1b   Thumb Code    12  _printf_hex_int_ll_ptr.o(.text)
    _printf_hex_ptr                          0x08000b27   Thumb Code    18  _printf_hex_int_ll_ptr.o(.text)
    __printf                                 0x08000b3d   Thumb Code   388  __printf_flags_ss_wp.o(.text)
    _localtime_r                             0x08000cc5   Thumb Code   178  localtime_internal.o(.text)
    _n$localtime_r                           0x08000cc5   Thumb Code     0  localtime_internal.o(.text)
    __user_libspace                          0x08000d7d   Thumb Code     8  libspace.o(.text)
    __user_perproc_libspace                  0x08000d7d   Thumb Code     0  libspace.o(.text)
    __user_perthread_libspace                0x08000d7d   Thumb Code     0  libspace.o(.text)
    __aeabi_errno_addr                       0x08000d85   Thumb Code     8  rt_errno_addr_intlibspace.o(.text)
    __errno$intlibspace                      0x08000d85   Thumb Code     0  rt_errno_addr_intlibspace.o(.text)
    __rt_errno_addr$intlibspace              0x08000d85   Thumb Code     0  rt_errno_addr_intlibspace.o(.text)
    __Heap_ProvideMemory                     0x08000d8d   Thumb Code    52  h1_extend.o(.text)
    _ll_udiv10                               0x08000dc1   Thumb Code   138  lludiv10.o(.text)
    _printf_int_common                       0x08000e4b   Thumb Code   178  _printf_intcommon.o(.text)
    __lib_sel_fp_printf                      0x08000efd   Thumb Code     2  _printf_fp_dec.o(.text)
    _printf_fp_dec_real                      0x080010af   Thumb Code   620  _printf_fp_dec.o(.text)
    _printf_fp_hex_real                      0x0800131d   Thumb Code   756  _printf_fp_hex.o(.text)
    _printf_cs_common                        0x08001619   Thumb Code    20  _printf_char.o(.text)
    _printf_char                             0x0800162d   Thumb Code    16  _printf_char.o(.text)
    _printf_string                           0x0800163d   Thumb Code     8  _printf_char.o(.text)
    _printf_lcs_common                       0x08001645   Thumb Code    20  _printf_wchar.o(.text)
    _printf_wchar                            0x08001659   Thumb Code    16  _printf_wchar.o(.text)
    _printf_wstring                          0x08001669   Thumb Code     8  _printf_wchar.o(.text)
    _wcrtomb                                 0x08001671   Thumb Code    64  _wcrtomb.o(.text)
    __rt_SIGRTMEM                            0x080016b1   Thumb Code    14  defsig_rtmem_outer.o(.text)
    __aeabi_memclr4                          0x080016bf   Thumb Code     0  rt_memclr_w.o(.text)
    __aeabi_memclr8                          0x080016bf   Thumb Code     0  rt_memclr_w.o(.text)
    __rt_memclr_w                            0x080016bf   Thumb Code    78  rt_memclr_w.o(.text)
    _memset_w                                0x080016c3   Thumb Code     0  rt_memclr_w.o(.text)
    __I$use$semihosting                      0x0800170d   Thumb Code     0  use_no_semi.o(.text)
    __use_no_semihosting_swi                 0x0800170d   Thumb Code     2  use_no_semi.o(.text)
    __semihosting_library_function           0x0800170f   Thumb Code     0  indicate_semi.o(.text)
    __user_setup_stackheap                   0x0800170f   Thumb Code    74  sys_stackheap_outer.o(.text)
    __rt_ctype_table                         0x08001759   Thumb Code    16  rt_ctype_table.o(.text)
    __rt_locale                              0x08001769   Thumb Code     8  rt_locale_intlibspace.o(.text)
    _printf_fp_infnan                        0x08001771   Thumb Code   112  _printf_fp_infnan.o(.text)
    _btod_etento                             0x080017f1   Thumb Code   224  bigflt0.o(.text)
    exit                                     0x080018d5   Thumb Code    18  exit.o(.text)
    __sig_exit                               0x080018e7   Thumb Code    10  defsig_exit.o(.text)
    __rt_SIGRTMEM_inner                      0x080018f1   Thumb Code    22  defsig_rtmem_inner.o(.text)
    _sys_exit                                0x08001941   Thumb Code     8  sys_exit.o(.text)
    __default_signal_display                 0x0800194d   Thumb Code    50  defsig_general.o(.text)
    _ttywrch                                 0x0800197f   Thumb Code    14  sys_wrch.o(.text)
    _btod_d2e                                0x0800198d   Thumb Code    62  btod.o(CL$$btod_d2e)
    _d2e_denorm_low                          0x080019cb   Thumb Code    70  btod.o(CL$$btod_d2e_denorm_low)
    _d2e_norm_op1                            0x08001a11   Thumb Code    96  btod.o(CL$$btod_d2e_norm_op1)
    __btod_div_common                        0x08001a71   Thumb Code   696  btod.o(CL$$btod_div_common)
    _e2e                                     0x08001da9   Thumb Code   220  btod.o(CL$$btod_e2e)
    _btod_ediv                               0x08001e85   Thumb Code    42  btod.o(CL$$btod_ediv)
    _btod_emul                               0x08001eaf   Thumb Code    42  btod.o(CL$$btod_emul)
    __btod_mult_common                       0x08001ed9   Thumb Code   580  btod.o(CL$$btod_mult_common)
    BKP_ReadBackupRegister                   0x0800211d   Thumb Code    12  stm32f10x_bkp.o(i.BKP_ReadBackupRegister)
    BKP_WriteBackupRegister                  0x0800212d   Thumb Code    12  stm32f10x_bkp.o(i.BKP_WriteBackupRegister)
    BusFault_Handler                         0x0800213d   Thumb Code     2  stm32f10x_it.o(i.BusFault_Handler)
    DebugMon_Handler                         0x0800213f   Thumb Code     2  stm32f10x_it.o(i.DebugMon_Handler)
    Delay_ms                                 0x08002141   Thumb Code    22  delay.o(i.Delay_ms)
    Delay_s                                  0x08002157   Thumb Code    22  delay.o(i.Delay_s)
    Delay_us                                 0x0800216d   Thumb Code    32  delay.o(i.Delay_us)
    GPIO_Init                                0x0800218d   Thumb Code   162  stm32f10x_gpio.o(i.GPIO_Init)
    GPIO_ReadInputDataBit                    0x0800222f   Thumb Code    14  stm32f10x_gpio.o(i.GPIO_ReadInputDataBit)
    GPIO_ResetBits                           0x0800223d   Thumb Code     4  stm32f10x_gpio.o(i.GPIO_ResetBits)
    GPIO_SetBits                             0x08002241   Thumb Code     4  stm32f10x_gpio.o(i.GPIO_SetBits)
    GPIO_WriteBit                            0x08002245   Thumb Code    10  stm32f10x_gpio.o(i.GPIO_WriteBit)
    HardFault_Handler                        0x0800224f   Thumb Code     2  stm32f10x_it.o(i.HardFault_Handler)
    I2C_AcknowledgeConfig                    0x08002251   Thumb Code    20  stm32f10x_i2c.o(i.I2C_AcknowledgeConfig)
    I2C_CheckEvent                           0x08002265   Thumb Code    24  stm32f10x_i2c.o(i.I2C_CheckEvent)
    I2C_Cmd                                  0x0800227d   Thumb Code    20  stm32f10x_i2c.o(i.I2C_Cmd)
    I2C_GenerateSTART                        0x08002291   Thumb Code    20  stm32f10x_i2c.o(i.I2C_GenerateSTART)
    I2C_GenerateSTOP                         0x080022a5   Thumb Code    20  stm32f10x_i2c.o(i.I2C_GenerateSTOP)
    I2C_Init                                 0x080022b9   Thumb Code   178  stm32f10x_i2c.o(i.I2C_Init)
    I2C_ReceiveData                          0x08002375   Thumb Code     6  stm32f10x_i2c.o(i.I2C_ReceiveData)
    I2C_Send7bitAddress                      0x0800237b   Thumb Code    16  stm32f10x_i2c.o(i.I2C_Send7bitAddress)
    I2C_SendData                             0x0800238b   Thumb Code     4  stm32f10x_i2c.o(i.I2C_SendData)
    Key_press                                0x08002391   Thumb Code   134  key_i.o(i.Key_press)
    MPU6050_Calculation                      0x0800241d   Thumb Code   286  mpu6050.o(i.MPU6050_Calculation)
    MPU6050_GetData                          0x08002545   Thumb Code   146  mpu6050.o(i.MPU6050_GetData)
    MPU6050_Init                             0x080025d9   Thumb Code   156  mpu6050.o(i.MPU6050_Init)
    MPU6050_ReadReg                          0x0800267d   Thumb Code   140  mpu6050.o(i.MPU6050_ReadReg)
    MPU6050_WaitEvent                        0x08002715   Thumb Code    30  mpu6050.o(i.MPU6050_WaitEvent)
    MPU6050_WriteReg                         0x08002735   Thumb Code    90  mpu6050.o(i.MPU6050_WriteReg)
    MPU6050_gradienter                       0x0800279d   Thumb Code   120  mpu6050.o(i.MPU6050_gradienter)
    MPU6050_show                             0x08002835   Thumb Code    72  mpu6050.o(i.MPU6050_show)
    MemManage_Handler                        0x080028a5   Thumb Code     2  stm32f10x_it.o(i.MemManage_Handler)
    MyRTC_Init                               0x080028a7   Thumb Code   114  myrtc.o(i.MyRTC_Init)
    MyRTC_ReadTime                           0x08002919   Thumb Code    66  myrtc.o(i.MyRTC_ReadTime)
    MyRTC_SetTime                            0x08002961   Thumb Code    58  myrtc.o(i.MyRTC_SetTime)
    NMI_Handler                              0x080029a1   Thumb Code     2  stm32f10x_it.o(i.NMI_Handler)
    NVIC_Init                                0x080029a5   Thumb Code    94  misc.o(i.NVIC_Init)
    NVIC_PriorityGroupConfig                 0x08002a09   Thumb Code    10  misc.o(i.NVIC_PriorityGroupConfig)
    OLED_Clear                               0x08002a1d   Thumb Code    34  oled.o(i.OLED_Clear)
    OLED_ClearArea                           0x08002a45   Thumb Code    86  oled.o(i.OLED_ClearArea)
    OLED_DrawCircle                          0x08002aa1   Thumb Code   318  oled.o(i.OLED_DrawCircle)
    OLED_DrawPoint                           0x08002be1   Thumb Code    48  oled.o(i.OLED_DrawPoint)
    OLED_GPIO_Init                           0x08002c15   Thumb Code   128  oled.o(i.OLED_GPIO_Init)
    OLED_I2C_SendByte                        0x08002c99   Thumb Code    58  oled.o(i.OLED_I2C_SendByte)
    OLED_I2C_Start                           0x08002cd3   Thumb Code    30  oled.o(i.OLED_I2C_Start)
    OLED_I2C_Stop                            0x08002cf1   Thumb Code    24  oled.o(i.OLED_I2C_Stop)
    OLED_Init                                0x08002d09   Thumb Code   156  oled.o(i.OLED_Init)
    OLED_Pow                                 0x08002da5   Thumb Code    14  oled.o(i.OLED_Pow)
    OLED_Printf                              0x08002db3   Thumb Code    42  oled.o(i.OLED_Printf)
    OLED_ReverseArea                         0x08002ddd   Thumb Code    84  oled.o(i.OLED_ReverseArea)
    OLED_SetCursor                           0x08002e35   Thumb Code    36  oled.o(i.OLED_SetCursor)
    OLED_ShowChar                            0x08002e59   Thumb Code    78  oled.o(i.OLED_ShowChar)
    OLED_ShowImage                           0x08002eb5   Thumb Code   182  oled.o(i.OLED_ShowImage)
    OLED_ShowNum                             0x08002f71   Thumb Code    70  oled.o(i.OLED_ShowNum)
    OLED_ShowString                          0x08002fb9   Thumb Code   210  oled.o(i.OLED_ShowString)
    OLED_Update                              0x08003095   Thumb Code    34  oled.o(i.OLED_Update)
    OLED_W_SCL                               0x080030bd   Thumb Code    12  oled.o(i.OLED_W_SCL)
    OLED_W_SDA                               0x080030cd   Thumb Code    12  oled.o(i.OLED_W_SDA)
    OLED_WriteCommand                        0x080030dd   Thumb Code    34  oled.o(i.OLED_WriteCommand)
    OLED_WriteData                           0x080030ff   Thumb Code    48  oled.o(i.OLED_WriteData)
    PWR_BackupAccessCmd                      0x08003131   Thumb Code     6  stm32f10x_pwr.o(i.PWR_BackupAccessCmd)
    PendSV_Handler                           0x0800313d   Thumb Code     2  stm32f10x_it.o(i.PendSV_Handler)
    RCC_APB1PeriphClockCmd                   0x08003141   Thumb Code    18  stm32f10x_rcc.o(i.RCC_APB1PeriphClockCmd)
    RCC_APB2PeriphClockCmd                   0x08003159   Thumb Code    18  stm32f10x_rcc.o(i.RCC_APB2PeriphClockCmd)
    RCC_GetClocksFreq                        0x08003171   Thumb Code   128  stm32f10x_rcc.o(i.RCC_GetClocksFreq)
    RCC_GetFlagStatus                        0x08003201   Thumb Code    44  stm32f10x_rcc.o(i.RCC_GetFlagStatus)
    RCC_LSEConfig                            0x08003231   Thumb Code    28  stm32f10x_rcc.o(i.RCC_LSEConfig)
    RCC_RTCCLKCmd                            0x08003251   Thumb Code     6  stm32f10x_rcc.o(i.RCC_RTCCLKCmd)
    RCC_RTCCLKConfig                         0x0800325d   Thumb Code    10  stm32f10x_rcc.o(i.RCC_RTCCLKConfig)
    RTC_EnterConfigMode                      0x0800326d   Thumb Code    12  stm32f10x_rtc.o(i.RTC_EnterConfigMode)
    RTC_ExitConfigMode                       0x0800327d   Thumb Code    12  stm32f10x_rtc.o(i.RTC_ExitConfigMode)
    RTC_GetCounter                           0x0800328d   Thumb Code    16  stm32f10x_rtc.o(i.RTC_GetCounter)
    RTC_SetCounter                           0x080032a1   Thumb Code    26  stm32f10x_rtc.o(i.RTC_SetCounter)
    RTC_SetPrescaler                         0x080032c1   Thumb Code    28  stm32f10x_rtc.o(i.RTC_SetPrescaler)
    RTC_WaitForLastTask                      0x080032e1   Thumb Code    10  stm32f10x_rtc.o(i.RTC_WaitForLastTask)
    RTC_WaitForSynchro                       0x080032f1   Thumb Code    18  stm32f10x_rtc.o(i.RTC_WaitForSynchro)
    SVC_Handler                              0x08003309   Thumb Code     2  stm32f10x_it.o(i.SVC_Handler)
    StopWatch_Tick                           0x080033b5   Thumb Code    82  tree_ui.o(i.StopWatch_Tick)
    SysTick_Handler                          0x0800340d   Thumb Code     2  stm32f10x_it.o(i.SysTick_Handler)
    SystemInit                               0x08003411   Thumb Code    64  system_stm32f10x.o(i.SystemInit)
    TIM2_IRQHandler                          0x08003461   Thumb Code    38  timer.o(i.TIM2_IRQHandler)
    TIM_ClearFlag                            0x08003487   Thumb Code     6  stm32f10x_tim.o(i.TIM_ClearFlag)
    TIM_ClearITPendingBit                    0x0800348d   Thumb Code     6  stm32f10x_tim.o(i.TIM_ClearITPendingBit)
    TIM_Cmd                                  0x08003493   Thumb Code    20  stm32f10x_tim.o(i.TIM_Cmd)
    TIM_GetITStatus                          0x080034a7   Thumb Code    24  stm32f10x_tim.o(i.TIM_GetITStatus)
    TIM_ITConfig                             0x080034bf   Thumb Code    16  stm32f10x_tim.o(i.TIM_ITConfig)
    TIM_InternalClockConfig                  0x080034cf   Thumb Code    10  stm32f10x_tim.o(i.TIM_InternalClockConfig)
    TIM_TimeBaseInit                         0x080034d9   Thumb Code   114  stm32f10x_tim.o(i.TIM_TimeBaseInit)
    Timer_Init                               0x08003575   Thumb Code   120  timer.o(i.Timer_Init)
    UsageFault_Handler                       0x080035ed   Thumb Code     2  stm32f10x_it.o(i.UsageFault_Handler)
    __ARM_fpclassify                         0x080035ef   Thumb Code    40  fpclassify.o(i.__ARM_fpclassify)
    __ieee754_rem_pio2                       0x08003619   Thumb Code   828  rred.o(i.__ieee754_rem_pio2)
    __kernel_cos                             0x080039a1   Thumb Code   230  cos_i.o(i.__kernel_cos)
    __kernel_poly                            0x08003a9d   Thumb Code   170  poly.o(i.__kernel_poly)
    __kernel_sin                             0x08003b49   Thumb Code   224  sin_i.o(i.__kernel_sin)
    __mathlib_dbl_infnan                     0x08003c35   Thumb Code     6  dunder.o(i.__mathlib_dbl_infnan)
    __mathlib_dbl_infnan2                    0x08003c3b   Thumb Code     4  dunder.o(i.__mathlib_dbl_infnan2)
    __mathlib_dbl_invalid                    0x08003c3f   Thumb Code    12  dunder.o(i.__mathlib_dbl_invalid)
    __mathlib_dbl_underflow                  0x08003c4d   Thumb Code    10  dunder.o(i.__mathlib_dbl_underflow)
    _is_digit                                0x08003c5d   Thumb Code    14  __printf_wp.o(i._is_digit)
    add_child_node                           0x08003c6b   Thumb Code    28  tree.o(i.add_child_node)
    atan                                     0x08003c89   Thumb Code   474  atan.o(i.atan)
    atan2                                    0x08003ea9   Thumb Code   374  atan2.o(i.atan2)
    create_page_node                         0x08004045   Thumb Code    48  tree.o(i.create_page_node)
    dino_tick                                0x08004075   Thumb Code   128  dino.o(i.dino_tick)
    draw_first_page                          0x080040f9   Thumb Code   196  tree_ui.o(i.draw_first_page)
    draw_page2_1                             0x080041ed   Thumb Code   120  tree_ui.o(i.draw_page2_1)
    draw_page2_2                             0x0800427d   Thumb Code   802  tree_ui.o(i.draw_page2_2)
    draw_page3_10                            0x080045dd   Thumb Code   126  tree_ui.o(i.draw_page3_10)
    draw_page3_2                             0x08004665   Thumb Code    54  tree_ui.o(i.draw_page3_2)
    draw_page3_3                             0x0800469d   Thumb Code   310  tree_ui.o(i.draw_page3_3)
    draw_page3_4                             0x080047f1   Thumb Code   380  tree_ui.o(i.draw_page3_4)
    draw_page3_5                             0x080049bd   Thumb Code   126  tree_ui.o(i.draw_page3_5)
    draw_page3_6                             0x08004a45   Thumb Code   126  tree_ui.o(i.draw_page3_6)
    draw_page3_7                             0x08004acd   Thumb Code   126  tree_ui.o(i.draw_page3_7)
    draw_page3_8                             0x08004b55   Thumb Code   126  tree_ui.o(i.draw_page3_8)
    draw_page3_9                             0x08004bdd   Thumb Code   126  tree_ui.o(i.draw_page3_9)
    game_init                                0x08004c65   Thumb Code    16  dino.o(i.game_init)
    init_page_tree                           0x08004c79   Thumb Code   272  tree.o(i.init_page_tree)
    isColliding                              0x08004dbd   Thumb Code    40  dino.o(i.isColliding)
    key_GetFlag                              0x08004de5   Thumb Code    40  key_i.o(i.key_GetFlag)
    key_I_INIT                               0x08004e11   Thumb Code   106  key_i.o(i.key_I_INIT)
    main                                     0x08004e81   Thumb Code    30  main.o(i.main)
    process_key                              0x08004ea1   Thumb Code   160  tree.o(i.process_key)
    show_barrier                             0x08004f51   Thumb Code    84  dino.o(i.show_barrier)
    show_cloud                               0x08004fad   Thumb Code    26  dino.o(i.show_cloud)
    show_dino                                0x08004fd1   Thumb Code   134  dino.o(i.show_dino)
    show_ground                              0x08005071   Thumb Code    90  dino.o(i.show_ground)
    show_score                               0x080050d9   Thumb Code    22  dino.o(i.show_score)
    sin                                      0x080050f5   Thumb Code   150  sin.o(i.sin)
    _get_lc_numeric                          0x08005195   Thumb Code    44  lc_numeric_c.o(locale$$code)
    _get_lc_ctype                            0x080051c1   Thumb Code    44  lc_ctype_c.o(locale$$code)
    __aeabi_d2f                              0x080051ed   Thumb Code     0  d2f.o(x$fpl$d2f)
    _d2f                                     0x080051ed   Thumb Code    98  d2f.o(x$fpl$d2f)
    __aeabi_dadd                             0x08005251   Thumb Code     0  daddsub_clz.o(x$fpl$dadd)
    _dadd                                    0x08005251   Thumb Code   332  daddsub_clz.o(x$fpl$dadd)
    __fpl_dcheck_NaN1                        0x080053a1   Thumb Code    10  dcheck1.o(x$fpl$dcheck1)
    __fpl_dcmp_Inf                           0x080053b1   Thumb Code    24  dcmpi.o(x$fpl$dcmpinf)
    __aeabi_ddiv                             0x080053c9   Thumb Code     0  ddiv.o(x$fpl$ddiv)
    _ddiv                                    0x080053c9   Thumb Code   552  ddiv.o(x$fpl$ddiv)
    __aeabi_cdcmpeq                          0x08005679   Thumb Code     0  deqf.o(x$fpl$deqf)
    _dcmpeq                                  0x08005679   Thumb Code   120  deqf.o(x$fpl$deqf)
    __aeabi_d2iz                             0x080056f1   Thumb Code     0  dfix.o(x$fpl$dfix)
    _dfix                                    0x080056f1   Thumb Code    94  dfix.o(x$fpl$dfix)
    __aeabi_d2uiz                            0x08005751   Thumb Code     0  dfixu.o(x$fpl$dfixu)
    _dfixu                                   0x08005751   Thumb Code    90  dfixu.o(x$fpl$dfixu)
    __aeabi_i2d                              0x080057ab   Thumb Code     0  dflt_clz.o(x$fpl$dflt)
    _dflt                                    0x080057ab   Thumb Code    46  dflt_clz.o(x$fpl$dflt)
    __aeabi_ui2d                             0x080057d9   Thumb Code     0  dflt_clz.o(x$fpl$dfltu)
    _dfltu                                   0x080057d9   Thumb Code    38  dflt_clz.o(x$fpl$dfltu)
    __aeabi_dmul                             0x08005801   Thumb Code     0  dmul.o(x$fpl$dmul)
    _dmul                                    0x08005801   Thumb Code   332  dmul.o(x$fpl$dmul)
    __fpl_dnaninf                            0x08005955   Thumb Code   156  dnaninf.o(x$fpl$dnaninf)
    __fpl_dretinf                            0x080059f1   Thumb Code    12  dretinf.o(x$fpl$dretinf)
    __aeabi_drsub                            0x080059fd   Thumb Code     0  daddsub_clz.o(x$fpl$drsb)
    _drsb                                    0x080059fd   Thumb Code    22  daddsub_clz.o(x$fpl$drsb)
    __aeabi_dsub                             0x08005a15   Thumb Code     0  daddsub_clz.o(x$fpl$dsub)
    _dsub                                    0x08005a15   Thumb Code   464  daddsub_clz.o(x$fpl$dsub)
    __aeabi_f2d                              0x08005be9   Thumb Code     0  f2d.o(x$fpl$f2d)
    _f2d                                     0x08005be9   Thumb Code    86  f2d.o(x$fpl$f2d)
    __aeabi_fadd                             0x08005c41   Thumb Code     0  faddsub_clz.o(x$fpl$fadd)
    _fadd                                    0x08005c41   Thumb Code   196  faddsub_clz.o(x$fpl$fadd)
    __aeabi_fdiv                             0x08005d05   Thumb Code     0  fdiv.o(x$fpl$fdiv)
    _fdiv                                    0x08005d05   Thumb Code   384  fdiv.o(x$fpl$fdiv)
    __aeabi_f2iz                             0x08005e89   Thumb Code     0  ffix.o(x$fpl$ffix)
    _ffix                                    0x08005e89   Thumb Code    54  ffix.o(x$fpl$ffix)
    __aeabi_i2f                              0x08005ec1   Thumb Code     0  fflt_clz.o(x$fpl$fflt)
    _fflt                                    0x08005ec1   Thumb Code    48  fflt_clz.o(x$fpl$fflt)
    __aeabi_fmul                             0x08005ef1   Thumb Code     0  fmul.o(x$fpl$fmul)
    _fmul                                    0x08005ef1   Thumb Code   258  fmul.o(x$fpl$fmul)
    __fpl_fnaninf                            0x08005ff3   Thumb Code   140  fnaninf.o(x$fpl$fnaninf)
    __fpl_fretinf                            0x0800607f   Thumb Code    10  fretinf.o(x$fpl$fretinf)
    __aeabi_fsub                             0x08006089   Thumb Code     0  faddsub_clz.o(x$fpl$fsub)
    _fsub                                    0x08006089   Thumb Code   234  faddsub_clz.o(x$fpl$fsub)
    _printf_fp_dec                           0x08006173   Thumb Code     4  printf1.o(x$fpl$printf1)
    _printf_fp_hex                           0x08006177   Thumb Code     4  printf2.o(x$fpl$printf2)
    __fpl_return_NaN                         0x0800617b   Thumb Code   100  retnan.o(x$fpl$retnan)
    __ARM_scalbn                             0x080061df   Thumb Code    92  scalbn.o(x$fpl$scalbn)
    __fpl_cmpreturn                          0x0800623b   Thumb Code    48  trapv.o(x$fpl$trapveneer)
    OLED_F8x16                               0x0800626a   Data        1520  oled_data.o(.constdata)
    __I$use$fp                               0x0800626a   Number         0  usenofp.o(x$fpl$usenofp)
    OLED_F6x8                                0x0800685a   Data         570  oled_data.o(.constdata)
    OLED_F12x24                              0x08006a94   Data        3420  oled_data.o(.constdata)
    OLED_CF16x16                             0x080077f0   Data        1015  oled_data.o(.constdata)
    _monlen                                  0x08007c29   Data          12  _monlen.o(.constdata)
    __mathlib_zero                           0x08007d00   Data           8  qnan.o(.constdata)
    Region$$Table$$Base                      0x08007eb4   Number         0  anon$$obj.o(Region$$Table)
    Region$$Table$$Limit                     0x08007ed4   Number         0  anon$$obj.o(Region$$Table)
    __ctype                                  0x08007efd   Data           0  lc_ctype_c.o(locale$$data)
    MyRTC_Time                               0x20000014   Data          12  myrtc.o(.data)
    phone                                    0x20000020   Data         544  oled_data.o(.data)
    mpu                                      0x20000240   Data         544  oled_data.o(.data)
    dragon                                   0x20000460   Data         544  oled_data.o(.data)
    Ground                                   0x20000680   Data         256  oled_data.o(.data)
    Barrier                                  0x20000780   Data         144  oled_data.o(.data)
    Cloud                                    0x20000810   Data          16  oled_data.o(.data)
    Dino                                     0x20000820   Data         144  oled_data.o(.data)
    stopwatch                                0x200008b0   Data         544  oled_data.o(.data)
    larrow                                   0x20000ad0   Data          32  oled_data.o(.data)
    rarrow                                   0x20000af0   Data          32  oled_data.o(.data)
    rarrow8                                  0x20000b10   Data           8  oled_data.o(.data)
    state                                    0x20000b20   Data           1  tree_ui.o(.data)
    hour                                     0x20000b27   Data           1  tree_ui.o(.data)
    min                                      0x20000b28   Data           1  tree_ui.o(.data)
    sec                                      0x20000b29   Data           1  tree_ui.o(.data)
    fraction                                 0x20000b2a   Data           1  tree_ui.o(.data)
    start_timing_flag                        0x20000b2b   Data           1  tree_ui.o(.data)
    flag                                     0x20000b2c   Data           1  tree_ui.o(.data)
    history                                  0x20000b30   Data           4  tree_ui.o(.data)
    ground_pose                              0x20000b38   Data           1  dino.o(.data)
    barrier_flag                             0x20000b39   Data           1  dino.o(.data)
    barrier_pose                             0x20000b3a   Data           1  dino.o(.data)
    cloud_pose                               0x20000b3b   Data           1  dino.o(.data)
    dino_jump_flag                           0x20000b3c   Data           1  dino.o(.data)
    jump_pose                                0x20000b3d   Data           1  dino.o(.data)
    jump_t                                   0x20000b3e   Data           2  dino.o(.data)
    score                                    0x20000b40   Data           4  dino.o(.data)
    barrier                                  0x20000b44   Data           4  dino.o(.data)
    dino                                     0x20000b48   Data           4  dino.o(.data)
    ax                                       0x20000b50   Data           2  mpu6050.o(.data)
    ay                                       0x20000b52   Data           2  mpu6050.o(.data)
    az                                       0x20000b54   Data           2  mpu6050.o(.data)
    gx                                       0x20000b56   Data           2  mpu6050.o(.data)
    gy                                       0x20000b58   Data           2  mpu6050.o(.data)
    gz                                       0x20000b5a   Data           2  mpu6050.o(.data)
    a                                        0x20000b5c   Data           4  mpu6050.o(.data)
    Delta_t                                  0x20000b60   Data           4  mpu6050.o(.data)
    roll_g                                   0x20000b64   Data           4  mpu6050.o(.data)
    pitch_g                                  0x20000b68   Data           4  mpu6050.o(.data)
    yaw_g                                    0x20000b6c   Data           4  mpu6050.o(.data)
    roll_a                                   0x20000b70   Data           4  mpu6050.o(.data)
    pitch_a                                  0x20000b74   Data           4  mpu6050.o(.data)
    Roll                                     0x20000b78   Data           4  mpu6050.o(.data)
    Pitch                                    0x20000b7c   Data           4  mpu6050.o(.data)
    Yaw                                      0x20000b80   Data           4  mpu6050.o(.data)
    pi                                       0x20000b88   Data           8  mpu6050.o(.data)
    OLED_DisplayBuf                          0x20000b90   Data        1024  oled.o(.bss)
    _random_number_data                      0x20000f90   Data         228  rand.o(.bss)
    __libspace_start                         0x200010a0   Data          96  libspace.o(.bss)
    __temporary_stack_top$libspace           0x20001100   Data           0  libspace.o(.bss)



==============================================================================

Memory Map of the image

  Image Entry point : 0x080000ed

  Load Region LR_IROM1 (Base: 0x08000000, Size: 0x00008b90, Max: 0x00010000, ABSOLUTE, COMPRESSED[0x00008490])

    Execution Region ER_IROM1 (Exec base: 0x08000000, Load base: 0x08000000, Size: 0x00008000, Max: 0x00010000, ABSOLUTE)

    Exec Addr    Load Addr    Size         Type   Attr      Idx    E Section Name        Object

    0x08000000   0x08000000   0x000000ec   Data   RO            3    RESET               startup_stm32f10x_md.o
    0x080000ec   0x080000ec   0x00000008   Code   RO         4063  * !!!main             c_w.l(__main.o)
    0x080000f4   0x080000f4   0x00000034   Code   RO         4585    !!!scatter          c_w.l(__scatter.o)
    0x08000128   0x08000128   0x0000005a   Code   RO         4583    !!dczerorl2         c_w.l(__dczerorl2.o)
    0x08000182   0x08000182   0x00000002   PAD
    0x08000184   0x08000184   0x0000001c   Code   RO         4587    !!handler_zi        c_w.l(__scatter_zi.o)
    0x080001a0   0x080001a0   0x00000000   Code   RO         4256    .ARM.Collect$$_printf_percent$$00000000  c_w.l(_printf_percent.o)
    0x080001a0   0x080001a0   0x00000006   Code   RO         4245    .ARM.Collect$$_printf_percent$$00000001  c_w.l(_printf_n.o)
    0x080001a6   0x080001a6   0x00000006   Code   RO         4247    .ARM.Collect$$_printf_percent$$00000002  c_w.l(_printf_p.o)
    0x080001ac   0x080001ac   0x00000006   Code   RO         4252    .ARM.Collect$$_printf_percent$$00000003  c_w.l(_printf_f.o)
    0x080001b2   0x080001b2   0x00000006   Code   RO         4253    .ARM.Collect$$_printf_percent$$00000004  c_w.l(_printf_e.o)
    0x080001b8   0x080001b8   0x00000006   Code   RO         4254    .ARM.Collect$$_printf_percent$$00000005  c_w.l(_printf_g.o)
    0x080001be   0x080001be   0x00000006   Code   RO         4255    .ARM.Collect$$_printf_percent$$00000006  c_w.l(_printf_a.o)
    0x080001c4   0x080001c4   0x0000000a   Code   RO         4260    .ARM.Collect$$_printf_percent$$00000007  c_w.l(_printf_ll.o)
    0x080001ce   0x080001ce   0x00000006   Code   RO         4249    .ARM.Collect$$_printf_percent$$00000008  c_w.l(_printf_i.o)
    0x080001d4   0x080001d4   0x00000006   Code   RO         4250    .ARM.Collect$$_printf_percent$$00000009  c_w.l(_printf_d.o)
    0x080001da   0x080001da   0x00000006   Code   RO         4251    .ARM.Collect$$_printf_percent$$0000000A  c_w.l(_printf_u.o)
    0x080001e0   0x080001e0   0x00000006   Code   RO         4248    .ARM.Collect$$_printf_percent$$0000000B  c_w.l(_printf_o.o)
    0x080001e6   0x080001e6   0x00000006   Code   RO         4246    .ARM.Collect$$_printf_percent$$0000000C  c_w.l(_printf_x.o)
    0x080001ec   0x080001ec   0x00000006   Code   RO         4257    .ARM.Collect$$_printf_percent$$0000000D  c_w.l(_printf_lli.o)
    0x080001f2   0x080001f2   0x00000006   Code   RO         4258    .ARM.Collect$$_printf_percent$$0000000E  c_w.l(_printf_lld.o)
    0x080001f8   0x080001f8   0x00000006   Code   RO         4259    .ARM.Collect$$_printf_percent$$0000000F  c_w.l(_printf_llu.o)
    0x080001fe   0x080001fe   0x00000006   Code   RO         4264    .ARM.Collect$$_printf_percent$$00000010  c_w.l(_printf_llo.o)
    0x08000204   0x08000204   0x00000006   Code   RO         4265    .ARM.Collect$$_printf_percent$$00000011  c_w.l(_printf_llx.o)
    0x0800020a   0x0800020a   0x0000000a   Code   RO         4261    .ARM.Collect$$_printf_percent$$00000012  c_w.l(_printf_l.o)
    0x08000214   0x08000214   0x00000006   Code   RO         4243    .ARM.Collect$$_printf_percent$$00000013  c_w.l(_printf_c.o)
    0x0800021a   0x0800021a   0x00000006   Code   RO         4244    .ARM.Collect$$_printf_percent$$00000014  c_w.l(_printf_s.o)
    0x08000220   0x08000220   0x00000006   Code   RO         4262    .ARM.Collect$$_printf_percent$$00000015  c_w.l(_printf_lc.o)
    0x08000226   0x08000226   0x00000006   Code   RO         4263    .ARM.Collect$$_printf_percent$$00000016  c_w.l(_printf_ls.o)
    0x0800022c   0x0800022c   0x00000004   Code   RO         4426    .ARM.Collect$$_printf_percent$$00000017  c_w.l(_printf_percent_end.o)
    0x08000230   0x08000230   0x00000002   Code   RO         4509    .ARM.Collect$$libinit$$00000000  c_w.l(libinit.o)
    0x08000232   0x08000232   0x00000000   Code   RO         4272    .ARM.Collect$$libinit$$00000002  c_w.l(libinit2.o)
    0x08000232   0x08000232   0x00000000   Code   RO         4274    .ARM.Collect$$libinit$$00000004  c_w.l(libinit2.o)
    0x08000232   0x08000232   0x00000008   Code   RO         4275    .ARM.Collect$$libinit$$00000005  c_w.l(libinit2.o)
    0x0800023a   0x0800023a   0x00000000   Code   RO         4277    .ARM.Collect$$libinit$$0000000A  c_w.l(libinit2.o)
    0x0800023a   0x0800023a   0x00000000   Code   RO         4279    .ARM.Collect$$libinit$$0000000C  c_w.l(libinit2.o)
    0x0800023a   0x0800023a   0x00000004   Code   RO         4280    .ARM.Collect$$libinit$$0000000D  c_w.l(libinit2.o)
    0x0800023e   0x0800023e   0x00000000   Code   RO         4281    .ARM.Collect$$libinit$$0000000E  c_w.l(libinit2.o)
    0x0800023e   0x0800023e   0x00000006   Code   RO         4282    .ARM.Collect$$libinit$$0000000F  c_w.l(libinit2.o)
    0x08000244   0x08000244   0x00000000   Code   RO         4284    .ARM.Collect$$libinit$$00000011  c_w.l(libinit2.o)
    0x08000244   0x08000244   0x0000000c   Code   RO         4285    .ARM.Collect$$libinit$$00000012  c_w.l(libinit2.o)
    0x08000250   0x08000250   0x00000000   Code   RO         4286    .ARM.Collect$$libinit$$00000013  c_w.l(libinit2.o)
    0x08000250   0x08000250   0x00000000   Code   RO         4288    .ARM.Collect$$libinit$$00000015  c_w.l(libinit2.o)
    0x08000250   0x08000250   0x0000000a   Code   RO         4289    .ARM.Collect$$libinit$$00000016  c_w.l(libinit2.o)
    0x0800025a   0x0800025a   0x00000000   Code   RO         4290    .ARM.Collect$$libinit$$00000017  c_w.l(libinit2.o)
    0x0800025a   0x0800025a   0x00000000   Code   RO         4292    .ARM.Collect$$libinit$$00000019  c_w.l(libinit2.o)
    0x0800025a   0x0800025a   0x00000000   Code   RO         4294    .ARM.Collect$$libinit$$0000001B  c_w.l(libinit2.o)
    0x0800025a   0x0800025a   0x00000000   Code   RO         4296    .ARM.Collect$$libinit$$0000001D  c_w.l(libinit2.o)
    0x0800025a   0x0800025a   0x00000000   Code   RO         4298    .ARM.Collect$$libinit$$0000001F  c_w.l(libinit2.o)
    0x0800025a   0x0800025a   0x00000000   Code   RO         4300    .ARM.Collect$$libinit$$00000021  c_w.l(libinit2.o)
    0x0800025a   0x0800025a   0x00000000   Code   RO         4302    .ARM.Collect$$libinit$$00000023  c_w.l(libinit2.o)
    0x0800025a   0x0800025a   0x00000000   Code   RO         4304    .ARM.Collect$$libinit$$00000025  c_w.l(libinit2.o)
    0x0800025a   0x0800025a   0x00000000   Code   RO         4308    .ARM.Collect$$libinit$$0000002C  c_w.l(libinit2.o)
    0x0800025a   0x0800025a   0x00000000   Code   RO         4310    .ARM.Collect$$libinit$$0000002E  c_w.l(libinit2.o)
    0x0800025a   0x0800025a   0x00000000   Code   RO         4312    .ARM.Collect$$libinit$$00000030  c_w.l(libinit2.o)
    0x0800025a   0x0800025a   0x00000000   Code   RO         4314    .ARM.Collect$$libinit$$00000032  c_w.l(libinit2.o)
    0x0800025a   0x0800025a   0x00000002   Code   RO         4315    .ARM.Collect$$libinit$$00000033  c_w.l(libinit2.o)
    0x0800025c   0x0800025c   0x00000002   Code   RO         4580    .ARM.Collect$$libshutdown$$00000000  c_w.l(libshutdown.o)
    0x0800025e   0x0800025e   0x00000000   Code   RO         4530    .ARM.Collect$$libshutdown$$00000002  c_w.l(libshutdown2.o)
    0x0800025e   0x0800025e   0x00000000   Code   RO         4532    .ARM.Collect$$libshutdown$$00000004  c_w.l(libshutdown2.o)
    0x0800025e   0x0800025e   0x00000000   Code   RO         4534    .ARM.Collect$$libshutdown$$00000006  c_w.l(libshutdown2.o)
    0x0800025e   0x0800025e   0x00000000   Code   RO         4537    .ARM.Collect$$libshutdown$$00000009  c_w.l(libshutdown2.o)
    0x0800025e   0x0800025e   0x00000000   Code   RO         4540    .ARM.Collect$$libshutdown$$0000000C  c_w.l(libshutdown2.o)
    0x0800025e   0x0800025e   0x00000000   Code   RO         4542    .ARM.Collect$$libshutdown$$0000000E  c_w.l(libshutdown2.o)
    0x0800025e   0x0800025e   0x00000000   Code   RO         4545    .ARM.Collect$$libshutdown$$00000011  c_w.l(libshutdown2.o)
    0x0800025e   0x0800025e   0x00000002   Code   RO         4546    .ARM.Collect$$libshutdown$$00000012  c_w.l(libshutdown2.o)
    0x08000260   0x08000260   0x00000000   Code   RO         4141    .ARM.Collect$$rtentry$$00000000  c_w.l(__rtentry.o)
    0x08000260   0x08000260   0x00000000   Code   RO         4384    .ARM.Collect$$rtentry$$00000002  c_w.l(__rtentry2.o)
    0x08000260   0x08000260   0x00000006   Code   RO         4396    .ARM.Collect$$rtentry$$00000004  c_w.l(__rtentry4.o)
    0x08000266   0x08000266   0x00000000   Code   RO         4386    .ARM.Collect$$rtentry$$00000009  c_w.l(__rtentry2.o)
    0x08000266   0x08000266   0x00000004   Code   RO         4387    .ARM.Collect$$rtentry$$0000000A  c_w.l(__rtentry2.o)
    0x0800026a   0x0800026a   0x00000000   Code   RO         4389    .ARM.Collect$$rtentry$$0000000C  c_w.l(__rtentry2.o)
    0x0800026a   0x0800026a   0x00000008   Code   RO         4390    .ARM.Collect$$rtentry$$0000000D  c_w.l(__rtentry2.o)
    0x08000272   0x08000272   0x00000002   Code   RO         4516    .ARM.Collect$$rtexit$$00000000  c_w.l(rtexit.o)
    0x08000274   0x08000274   0x00000000   Code   RO         4552    .ARM.Collect$$rtexit$$00000002  c_w.l(rtexit2.o)
    0x08000274   0x08000274   0x00000004   Code   RO         4553    .ARM.Collect$$rtexit$$00000003  c_w.l(rtexit2.o)
    0x08000278   0x08000278   0x00000006   Code   RO         4554    .ARM.Collect$$rtexit$$00000004  c_w.l(rtexit2.o)
    0x0800027e   0x0800027e   0x00000002   PAD
    0x08000280   0x08000280   0x00000034   Code   RO         4047    .emb_text           c_w.l(rand.o)
    0x080002b4   0x080002b4   0x00000000   Code   RO         4405    .emb_text           c_w.l(maybetermalloc1.o)
    0x080002b4   0x080002b4   0x00000040   Code   RO            4    .text               startup_stm32f10x_md.o
    0x080002f4   0x080002f4   0x0000005e   Code   RO         3991    .text               c_w.l(h1_alloc.o)
    0x08000352   0x08000352   0x00000002   PAD
    0x08000354   0x08000354   0x00000024   Code   RO         4045    .text               c_w.l(vsprintf.o)
    0x08000378   0x08000378   0x0000003c   Code   RO         4048    .text               c_w.l(rand.o)
    0x080003b4   0x080003b4   0x00000064   Code   RO         4052    .text               c_w.l(rt_memcpy_w.o)
    0x08000418   0x08000418   0x00000080   Code   RO         4054    .text               c_w.l(strcmpv7m.o)
    0x08000498   0x08000498   0x0000000c   Code   RO         4056    .text               c_w.l(localtime.o)
    0x080004a4   0x080004a4   0x000001ac   Code   RO         4059    .text               c_w.l(mktime.o)
    0x08000650   0x08000650   0x00000006   Code   RO         4061    .text               c_w.l(heapauxi.o)
    0x08000656   0x08000656   0x00000002   PAD
    0x08000658   0x08000658   0x00000008   Code   RO         4145    .text               c_w.l(rt_heap_descriptor_intlibspace.o)
    0x08000660   0x08000660   0x00000004   Code   RO         4147    .text               c_w.l(hguard.o)
    0x08000664   0x08000664   0x0000008a   Code   RO         4149    .text               c_w.l(init_alloc.o)
    0x080006ee   0x080006ee   0x0000000e   Code   RO         4155    .text               c_w.l(h1_init.o)
    0x080006fc   0x080006fc   0x0000004e   Code   RO         4157    .text               c_w.l(h1_free.o)
    0x0800074a   0x0800074a   0x00000016   Code   RO         4173    .text               c_w.l(_rserrno.o)
    0x08000760   0x08000760   0x0000004e   Code   RO         4177    .text               c_w.l(_printf_pad.o)
    0x080007ae   0x080007ae   0x00000024   Code   RO         4179    .text               c_w.l(_printf_truncate.o)
    0x080007d2   0x080007d2   0x00000052   Code   RO         4181    .text               c_w.l(_printf_str.o)
    0x08000824   0x08000824   0x00000078   Code   RO         4183    .text               c_w.l(_printf_dec.o)
    0x0800089c   0x0800089c   0x00000028   Code   RO         4185    .text               c_w.l(_printf_charcount.o)
    0x080008c4   0x080008c4   0x00000030   Code   RO         4187    .text               c_w.l(_printf_char_common.o)
    0x080008f4   0x080008f4   0x0000000a   Code   RO         4189    .text               c_w.l(_sputc.o)
    0x080008fe   0x080008fe   0x00000002   PAD
    0x08000900   0x08000900   0x000000bc   Code   RO         4191    .text               c_w.l(_printf_wctomb.o)
    0x080009bc   0x080009bc   0x0000007c   Code   RO         4194    .text               c_w.l(_printf_longlong_dec.o)
    0x08000a38   0x08000a38   0x00000070   Code   RO         4200    .text               c_w.l(_printf_oct_int_ll.o)
    0x08000aa8   0x08000aa8   0x00000094   Code   RO         4220    .text               c_w.l(_printf_hex_int_ll_ptr.o)
    0x08000b3c   0x08000b3c   0x00000188   Code   RO         4240    .text               c_w.l(__printf_flags_ss_wp.o)
    0x08000cc4   0x08000cc4   0x000000b8   Code   RO         4267    .text               c_w.l(localtime_internal.o)
    0x08000d7c   0x08000d7c   0x00000008   Code   RO         4380    .text               c_w.l(libspace.o)
    0x08000d84   0x08000d84   0x00000008   Code   RO         4401    .text               c_w.l(rt_errno_addr_intlibspace.o)
    0x08000d8c   0x08000d8c   0x00000034   Code   RO         4407    .text               c_w.l(h1_extend.o)
    0x08000dc0   0x08000dc0   0x0000008a   Code   RO         4411    .text               c_w.l(lludiv10.o)
    0x08000e4a   0x08000e4a   0x000000b2   Code   RO         4413    .text               c_w.l(_printf_intcommon.o)
    0x08000efc   0x08000efc   0x0000041e   Code   RO         4415    .text               c_w.l(_printf_fp_dec.o)
    0x0800131a   0x0800131a   0x00000002   PAD
    0x0800131c   0x0800131c   0x000002fc   Code   RO         4417    .text               c_w.l(_printf_fp_hex.o)
    0x08001618   0x08001618   0x0000002c   Code   RO         4422    .text               c_w.l(_printf_char.o)
    0x08001644   0x08001644   0x0000002c   Code   RO         4424    .text               c_w.l(_printf_wchar.o)
    0x08001670   0x08001670   0x00000040   Code   RO         4427    .text               c_w.l(_wcrtomb.o)
    0x080016b0   0x080016b0   0x0000000e   Code   RO         4429    .text               c_w.l(defsig_rtmem_outer.o)
    0x080016be   0x080016be   0x0000004e   Code   RO         4433    .text               c_w.l(rt_memclr_w.o)
    0x0800170c   0x0800170c   0x00000002   Code   RO         4448    .text               c_w.l(use_no_semi.o)
    0x0800170e   0x0800170e   0x00000000   Code   RO         4450    .text               c_w.l(indicate_semi.o)
    0x0800170e   0x0800170e   0x0000004a   Code   RO         4451    .text               c_w.l(sys_stackheap_outer.o)
    0x08001758   0x08001758   0x00000010   Code   RO         4453    .text               c_w.l(rt_ctype_table.o)
    0x08001768   0x08001768   0x00000008   Code   RO         4460    .text               c_w.l(rt_locale_intlibspace.o)
    0x08001770   0x08001770   0x00000080   Code   RO         4464    .text               c_w.l(_printf_fp_infnan.o)
    0x080017f0   0x080017f0   0x000000e4   Code   RO         4466    .text               c_w.l(bigflt0.o)
    0x080018d4   0x080018d4   0x00000012   Code   RO         4494    .text               c_w.l(exit.o)
    0x080018e6   0x080018e6   0x0000000a   Code   RO         4496    .text               c_w.l(defsig_exit.o)
    0x080018f0   0x080018f0   0x00000050   Code   RO         4498    .text               c_w.l(defsig_rtmem_inner.o)
    0x08001940   0x08001940   0x0000000c   Code   RO         4514    .text               c_w.l(sys_exit.o)
    0x0800194c   0x0800194c   0x00000032   Code   RO         4527    .text               c_w.l(defsig_general.o)
    0x0800197e   0x0800197e   0x0000000e   Code   RO         4549    .text               c_w.l(sys_wrch.o)
    0x0800198c   0x0800198c   0x0000003e   Code   RO         4469    CL$$btod_d2e        c_w.l(btod.o)
    0x080019ca   0x080019ca   0x00000046   Code   RO         4471    CL$$btod_d2e_denorm_low  c_w.l(btod.o)
    0x08001a10   0x08001a10   0x00000060   Code   RO         4470    CL$$btod_d2e_norm_op1  c_w.l(btod.o)
    0x08001a70   0x08001a70   0x00000338   Code   RO         4479    CL$$btod_div_common  c_w.l(btod.o)
    0x08001da8   0x08001da8   0x000000dc   Code   RO         4476    CL$$btod_e2e        c_w.l(btod.o)
    0x08001e84   0x08001e84   0x0000002a   Code   RO         4473    CL$$btod_ediv       c_w.l(btod.o)
    0x08001eae   0x08001eae   0x0000002a   Code   RO         4472    CL$$btod_emul       c_w.l(btod.o)
    0x08001ed8   0x08001ed8   0x00000244   Code   RO         4478    CL$$btod_mult_common  c_w.l(btod.o)
    0x0800211c   0x0800211c   0x00000010   Code   RO          426    i.BKP_ReadBackupRegister  stm32f10x_bkp.o
    0x0800212c   0x0800212c   0x00000010   Code   RO          430    i.BKP_WriteBackupRegister  stm32f10x_bkp.o
    0x0800213c   0x0800213c   0x00000002   Code   RO         3924    i.BusFault_Handler  stm32f10x_it.o
    0x0800213e   0x0800213e   0x00000002   Code   RO         3925    i.DebugMon_Handler  stm32f10x_it.o
    0x08002140   0x08002140   0x00000016   Code   RO         3173    i.Delay_ms          delay.o
    0x08002156   0x08002156   0x00000016   Code   RO         3174    i.Delay_s           delay.o
    0x0800216c   0x0800216c   0x00000020   Code   RO         3175    i.Delay_us          delay.o
    0x0800218c   0x0800218c   0x000000a2   Code   RO         1340    i.GPIO_Init         stm32f10x_gpio.o
    0x0800222e   0x0800222e   0x0000000e   Code   RO         1344    i.GPIO_ReadInputDataBit  stm32f10x_gpio.o
    0x0800223c   0x0800223c   0x00000004   Code   RO         1347    i.GPIO_ResetBits    stm32f10x_gpio.o
    0x08002240   0x08002240   0x00000004   Code   RO         1348    i.GPIO_SetBits      stm32f10x_gpio.o
    0x08002244   0x08002244   0x0000000a   Code   RO         1351    i.GPIO_WriteBit     stm32f10x_gpio.o
    0x0800224e   0x0800224e   0x00000002   Code   RO         3926    i.HardFault_Handler  stm32f10x_it.o
    0x08002250   0x08002250   0x00000014   Code   RO         1452    i.I2C_AcknowledgeConfig  stm32f10x_i2c.o
    0x08002264   0x08002264   0x00000018   Code   RO         1454    i.I2C_CheckEvent    stm32f10x_i2c.o
    0x0800227c   0x0800227c   0x00000014   Code   RO         1457    i.I2C_Cmd           stm32f10x_i2c.o
    0x08002290   0x08002290   0x00000014   Code   RO         1464    i.I2C_GenerateSTART  stm32f10x_i2c.o
    0x080022a4   0x080022a4   0x00000014   Code   RO         1465    i.I2C_GenerateSTOP  stm32f10x_i2c.o
    0x080022b8   0x080022b8   0x000000bc   Code   RO         1471    i.I2C_Init          stm32f10x_i2c.o
    0x08002374   0x08002374   0x00000006   Code   RO         1476    i.I2C_ReceiveData   stm32f10x_i2c.o
    0x0800237a   0x0800237a   0x00000010   Code   RO         1478    i.I2C_Send7bitAddress  stm32f10x_i2c.o
    0x0800238a   0x0800238a   0x00000004   Code   RO         1479    i.I2C_SendData      stm32f10x_i2c.o
    0x0800238e   0x0800238e   0x00000002   PAD
    0x08002390   0x08002390   0x0000008c   Code   RO         3519    i.Key_press         key_i.o
    0x0800241c   0x0800241c   0x00000128   Code   RO         3761    i.MPU6050_Calculation  mpu6050.o
    0x08002544   0x08002544   0x00000092   Code   RO         3762    i.MPU6050_GetData   mpu6050.o
    0x080025d6   0x080025d6   0x00000002   PAD
    0x080025d8   0x080025d8   0x000000a4   Code   RO         3764    i.MPU6050_Init      mpu6050.o
    0x0800267c   0x0800267c   0x00000098   Code   RO         3765    i.MPU6050_ReadReg   mpu6050.o
    0x08002714   0x08002714   0x0000001e   Code   RO         3766    i.MPU6050_WaitEvent  mpu6050.o
    0x08002732   0x08002732   0x00000002   PAD
    0x08002734   0x08002734   0x00000068   Code   RO         3767    i.MPU6050_WriteReg  mpu6050.o
    0x0800279c   0x0800279c   0x00000098   Code   RO         3768    i.MPU6050_gradienter  mpu6050.o
    0x08002834   0x08002834   0x00000070   Code   RO         3769    i.MPU6050_show      mpu6050.o
    0x080028a4   0x080028a4   0x00000002   Code   RO         3927    i.MemManage_Handler  stm32f10x_it.o
    0x080028a6   0x080028a6   0x00000072   Code   RO         3196    i.MyRTC_Init        myrtc.o
    0x08002918   0x08002918   0x00000048   Code   RO         3197    i.MyRTC_ReadTime    myrtc.o
    0x08002960   0x08002960   0x00000040   Code   RO         3198    i.MyRTC_SetTime     myrtc.o
    0x080029a0   0x080029a0   0x00000002   Code   RO         3928    i.NMI_Handler       stm32f10x_it.o
    0x080029a2   0x080029a2   0x00000002   PAD
    0x080029a4   0x080029a4   0x00000064   Code   RO          132    i.NVIC_Init         misc.o
    0x08002a08   0x08002a08   0x00000014   Code   RO          133    i.NVIC_PriorityGroupConfig  misc.o
    0x08002a1c   0x08002a1c   0x00000028   Code   RO         3251    i.OLED_Clear        oled.o
    0x08002a44   0x08002a44   0x0000005c   Code   RO         3252    i.OLED_ClearArea    oled.o
    0x08002aa0   0x08002aa0   0x0000013e   Code   RO         3254    i.OLED_DrawCircle   oled.o
    0x08002bde   0x08002bde   0x00000002   PAD
    0x08002be0   0x08002be0   0x00000034   Code   RO         3257    i.OLED_DrawPoint    oled.o
    0x08002c14   0x08002c14   0x00000084   Code   RO         3260    i.OLED_GPIO_Init    oled.o
    0x08002c98   0x08002c98   0x0000003a   Code   RO         3262    i.OLED_I2C_SendByte  oled.o
    0x08002cd2   0x08002cd2   0x0000001e   Code   RO         3263    i.OLED_I2C_Start    oled.o
    0x08002cf0   0x08002cf0   0x00000018   Code   RO         3264    i.OLED_I2C_Stop     oled.o
    0x08002d08   0x08002d08   0x0000009c   Code   RO         3265    i.OLED_Init         oled.o
    0x08002da4   0x08002da4   0x0000000e   Code   RO         3267    i.OLED_Pow          oled.o
    0x08002db2   0x08002db2   0x0000002a   Code   RO         3268    i.OLED_Printf       oled.o
    0x08002ddc   0x08002ddc   0x00000058   Code   RO         3270    i.OLED_ReverseArea  oled.o
    0x08002e34   0x08002e34   0x00000024   Code   RO         3271    i.OLED_SetCursor    oled.o
    0x08002e58   0x08002e58   0x0000005c   Code   RO         3273    i.OLED_ShowChar     oled.o
    0x08002eb4   0x08002eb4   0x000000bc   Code   RO         3276    i.OLED_ShowImage    oled.o
    0x08002f70   0x08002f70   0x00000046   Code   RO         3277    i.OLED_ShowNum      oled.o
    0x08002fb6   0x08002fb6   0x00000002   PAD
    0x08002fb8   0x08002fb8   0x000000dc   Code   RO         3279    i.OLED_ShowString   oled.o
    0x08003094   0x08003094   0x00000028   Code   RO         3280    i.OLED_Update       oled.o
    0x080030bc   0x080030bc   0x00000010   Code   RO         3282    i.OLED_W_SCL        oled.o
    0x080030cc   0x080030cc   0x00000010   Code   RO         3283    i.OLED_W_SDA        oled.o
    0x080030dc   0x080030dc   0x00000022   Code   RO         3284    i.OLED_WriteCommand  oled.o
    0x080030fe   0x080030fe   0x00000030   Code   RO         3285    i.OLED_WriteData    oled.o
    0x0800312e   0x0800312e   0x00000002   PAD
    0x08003130   0x08003130   0x0000000c   Code   RO         1703    i.PWR_BackupAccessCmd  stm32f10x_pwr.o
    0x0800313c   0x0800313c   0x00000002   Code   RO         3929    i.PendSV_Handler    stm32f10x_it.o
    0x0800313e   0x0800313e   0x00000002   PAD
    0x08003140   0x08003140   0x00000018   Code   RO         1768    i.RCC_APB1PeriphClockCmd  stm32f10x_rcc.o
    0x08003158   0x08003158   0x00000018   Code   RO         1770    i.RCC_APB2PeriphClockCmd  stm32f10x_rcc.o
    0x08003170   0x08003170   0x00000090   Code   RO         1778    i.RCC_GetClocksFreq  stm32f10x_rcc.o
    0x08003200   0x08003200   0x00000030   Code   RO         1779    i.RCC_GetFlagStatus  stm32f10x_rcc.o
    0x08003230   0x08003230   0x00000020   Code   RO         1786    i.RCC_LSEConfig     stm32f10x_rcc.o
    0x08003250   0x08003250   0x0000000c   Code   RO         1793    i.RCC_RTCCLKCmd     stm32f10x_rcc.o
    0x0800325c   0x0800325c   0x00000010   Code   RO         1794    i.RCC_RTCCLKConfig  stm32f10x_rcc.o
    0x0800326c   0x0800326c   0x00000010   Code   RO         1971    i.RTC_EnterConfigMode  stm32f10x_rtc.o
    0x0800327c   0x0800327c   0x00000010   Code   RO         1972    i.RTC_ExitConfigMode  stm32f10x_rtc.o
    0x0800328c   0x0800328c   0x00000014   Code   RO         1973    i.RTC_GetCounter    stm32f10x_rtc.o
    0x080032a0   0x080032a0   0x00000020   Code   RO         1979    i.RTC_SetCounter    stm32f10x_rtc.o
    0x080032c0   0x080032c0   0x00000020   Code   RO         1980    i.RTC_SetPrescaler  stm32f10x_rtc.o
    0x080032e0   0x080032e0   0x00000010   Code   RO         1981    i.RTC_WaitForLastTask  stm32f10x_rtc.o
    0x080032f0   0x080032f0   0x00000018   Code   RO         1982    i.RTC_WaitForSynchro  stm32f10x_rtc.o
    0x08003308   0x08003308   0x00000002   Code   RO         3930    i.SVC_Handler       stm32f10x_it.o
    0x0800330a   0x0800330a   0x00000002   PAD
    0x0800330c   0x0800330c   0x000000a8   Code   RO           24    i.SetSysClockTo72   system_stm32f10x.o
    0x080033b4   0x080033b4   0x00000058   Code   RO         3601    i.StopWatch_Tick    tree_ui.o
    0x0800340c   0x0800340c   0x00000002   Code   RO         3931    i.SysTick_Handler   stm32f10x_it.o
    0x0800340e   0x0800340e   0x00000002   PAD
    0x08003410   0x08003410   0x00000050   Code   RO           26    i.SystemInit        system_stm32f10x.o
    0x08003460   0x08003460   0x00000026   Code   RO         3226    i.TIM2_IRQHandler   timer.o
    0x08003486   0x08003486   0x00000006   Code   RO         2405    i.TIM_ClearFlag     stm32f10x_tim.o
    0x0800348c   0x0800348c   0x00000006   Code   RO         2406    i.TIM_ClearITPendingBit  stm32f10x_tim.o
    0x08003492   0x08003492   0x00000014   Code   RO         2411    i.TIM_Cmd           stm32f10x_tim.o
    0x080034a6   0x080034a6   0x00000018   Code   RO         2432    i.TIM_GetITStatus   stm32f10x_tim.o
    0x080034be   0x080034be   0x00000010   Code   RO         2436    i.TIM_ITConfig      stm32f10x_tim.o
    0x080034ce   0x080034ce   0x0000000a   Code   RO         2438    i.TIM_InternalClockConfig  stm32f10x_tim.o
    0x080034d8   0x080034d8   0x0000009c   Code   RO         2482    i.TIM_TimeBaseInit  stm32f10x_tim.o
    0x08003574   0x08003574   0x00000078   Code   RO         3227    i.Timer_Init        timer.o
    0x080035ec   0x080035ec   0x00000002   Code   RO         3932    i.UsageFault_Handler  stm32f10x_it.o
    0x080035ee   0x080035ee   0x00000028   Code   RO         4444    i.__ARM_fpclassify  m_ws.l(fpclassify.o)
    0x08003616   0x08003616   0x00000002   PAD
    0x08003618   0x08003618   0x00000388   Code   RO         4367    i.__ieee754_rem_pio2  m_ws.l(rred.o)
    0x080039a0   0x080039a0   0x000000fc   Code   RO         4349    i.__kernel_cos      m_ws.l(cos_i.o)
    0x08003a9c   0x08003a9c   0x000000aa   Code   RO         4446    i.__kernel_poly     m_ws.l(poly.o)
    0x08003b46   0x08003b46   0x00000002   PAD
    0x08003b48   0x08003b48   0x000000ec   Code   RO         4372    i.__kernel_sin      m_ws.l(sin_i.o)
    0x08003c34   0x08003c34   0x00000006   Code   RO         4353    i.__mathlib_dbl_infnan  m_ws.l(dunder.o)
    0x08003c3a   0x08003c3a   0x00000004   Code   RO         4354    i.__mathlib_dbl_infnan2  m_ws.l(dunder.o)
    0x08003c3e   0x08003c3e   0x0000000c   Code   RO         4355    i.__mathlib_dbl_invalid  m_ws.l(dunder.o)
    0x08003c4a   0x08003c4a   0x00000002   PAD
    0x08003c4c   0x08003c4c   0x00000010   Code   RO         4358    i.__mathlib_dbl_underflow  m_ws.l(dunder.o)
    0x08003c5c   0x08003c5c   0x0000000e   Code   RO         4233    i._is_digit         c_w.l(__printf_wp.o)
    0x08003c6a   0x08003c6a   0x0000001c   Code   RO         3551    i.add_child_node    tree.o
    0x08003c86   0x08003c86   0x00000002   PAD
    0x08003c88   0x08003c88   0x00000220   Code   RO         4340    i.atan              m_ws.l(atan.o)
    0x08003ea8   0x08003ea8   0x0000019c   Code   RO         4122    i.atan2             m_ws.l(atan2.o)
    0x08004044   0x08004044   0x00000030   Code   RO         3552    i.create_page_node  tree.o
    0x08004074   0x08004074   0x00000084   Code   RO         3701    i.dino_tick         dino.o
    0x080040f8   0x080040f8   0x000000f4   Code   RO         3602    i.draw_first_page   tree_ui.o
    0x080041ec   0x080041ec   0x00000090   Code   RO         3603    i.draw_page2_1      tree_ui.o
    0x0800427c   0x0800427c   0x00000360   Code   RO         3604    i.draw_page2_2      tree_ui.o
    0x080045dc   0x080045dc   0x00000088   Code   RO         3606    i.draw_page3_10     tree_ui.o
    0x08004664   0x08004664   0x00000036   Code   RO         3607    i.draw_page3_2      tree_ui.o
    0x0800469a   0x0800469a   0x00000002   PAD
    0x0800469c   0x0800469c   0x00000154   Code   RO         3608    i.draw_page3_3      tree_ui.o
    0x080047f0   0x080047f0   0x000001cc   Code   RO         3609    i.draw_page3_4      tree_ui.o
    0x080049bc   0x080049bc   0x00000088   Code   RO         3610    i.draw_page3_5      tree_ui.o
    0x08004a44   0x08004a44   0x00000088   Code   RO         3611    i.draw_page3_6      tree_ui.o
    0x08004acc   0x08004acc   0x00000088   Code   RO         3612    i.draw_page3_7      tree_ui.o
    0x08004b54   0x08004b54   0x00000088   Code   RO         3613    i.draw_page3_8      tree_ui.o
    0x08004bdc   0x08004bdc   0x00000088   Code   RO         3614    i.draw_page3_9      tree_ui.o
    0x08004c64   0x08004c64   0x00000014   Code   RO         3702    i.game_init         dino.o
    0x08004c78   0x08004c78   0x00000144   Code   RO         3553    i.init_page_tree    tree.o
    0x08004dbc   0x08004dbc   0x00000028   Code   RO         3703    i.isColliding       dino.o
    0x08004de4   0x08004de4   0x0000002c   Code   RO         3520    i.key_GetFlag       key_i.o
    0x08004e10   0x08004e10   0x00000070   Code   RO         3521    i.key_I_INIT        key_i.o
    0x08004e80   0x08004e80   0x0000001e   Code   RO         3891    i.main              main.o
    0x08004e9e   0x08004e9e   0x00000002   PAD
    0x08004ea0   0x08004ea0   0x000000b0   Code   RO         3554    i.process_key       tree.o
    0x08004f50   0x08004f50   0x0000005c   Code   RO         3704    i.show_barrier      dino.o
    0x08004fac   0x08004fac   0x00000024   Code   RO         3705    i.show_cloud        dino.o
    0x08004fd0   0x08004fd0   0x000000a0   Code   RO         3706    i.show_dino         dino.o
    0x08005070   0x08005070   0x00000068   Code   RO         3707    i.show_ground       dino.o
    0x080050d8   0x080050d8   0x0000001c   Code   RO         3708    i.show_score        dino.o
    0x080050f4   0x080050f4   0x000000a0   Code   RO         4132    i.sin               m_ws.l(sin.o)
    0x08005194   0x08005194   0x0000002c   Code   RO         4492    locale$$code        c_w.l(lc_numeric_c.o)
    0x080051c0   0x080051c0   0x0000002c   Code   RO         4523    locale$$code        c_w.l(lc_ctype_c.o)
    0x080051ec   0x080051ec   0x00000062   Code   RO         4065    x$fpl$d2f           fz_ws.l(d2f.o)
    0x0800524e   0x0800524e   0x00000002   PAD
    0x08005250   0x08005250   0x00000150   Code   RO         4067    x$fpl$dadd          fz_ws.l(daddsub_clz.o)
    0x080053a0   0x080053a0   0x00000010   Code   RO         4510    x$fpl$dcheck1       fz_ws.l(dcheck1.o)
    0x080053b0   0x080053b0   0x00000018   Code   RO         4316    x$fpl$dcmpinf       fz_ws.l(dcmpi.o)
    0x080053c8   0x080053c8   0x000002b0   Code   RO         4074    x$fpl$ddiv          fz_ws.l(ddiv.o)
    0x08005678   0x08005678   0x00000078   Code   RO         4318    x$fpl$deqf          fz_ws.l(deqf.o)
    0x080056f0   0x080056f0   0x0000005e   Code   RO         4077    x$fpl$dfix          fz_ws.l(dfix.o)
    0x0800574e   0x0800574e   0x00000002   PAD
    0x08005750   0x08005750   0x0000005a   Code   RO         4081    x$fpl$dfixu         fz_ws.l(dfixu.o)
    0x080057aa   0x080057aa   0x0000002e   Code   RO         4086    x$fpl$dflt          fz_ws.l(dflt_clz.o)
    0x080057d8   0x080057d8   0x00000026   Code   RO         4085    x$fpl$dfltu         fz_ws.l(dflt_clz.o)
    0x080057fe   0x080057fe   0x00000002   PAD
    0x08005800   0x08005800   0x00000154   Code   RO         4093    x$fpl$dmul          fz_ws.l(dmul.o)
    0x08005954   0x08005954   0x0000009c   Code   RO         4320    x$fpl$dnaninf       fz_ws.l(dnaninf.o)
    0x080059f0   0x080059f0   0x0000000c   Code   RO         4322    x$fpl$dretinf       fz_ws.l(dretinf.o)
    0x080059fc   0x080059fc   0x00000016   Code   RO         4068    x$fpl$drsb          fz_ws.l(daddsub_clz.o)
    0x08005a12   0x08005a12   0x00000002   PAD
    0x08005a14   0x08005a14   0x000001d4   Code   RO         4069    x$fpl$dsub          fz_ws.l(daddsub_clz.o)
    0x08005be8   0x08005be8   0x00000056   Code   RO         4097    x$fpl$f2d           fz_ws.l(f2d.o)
    0x08005c3e   0x08005c3e   0x00000002   PAD
    0x08005c40   0x08005c40   0x000000c4   Code   RO         4099    x$fpl$fadd          fz_ws.l(faddsub_clz.o)
    0x08005d04   0x08005d04   0x00000184   Code   RO         4106    x$fpl$fdiv          fz_ws.l(fdiv.o)
    0x08005e88   0x08005e88   0x00000036   Code   RO         4109    x$fpl$ffix          fz_ws.l(ffix.o)
    0x08005ebe   0x08005ebe   0x00000002   PAD
    0x08005ec0   0x08005ec0   0x00000030   Code   RO         4114    x$fpl$fflt          fz_ws.l(fflt_clz.o)
    0x08005ef0   0x08005ef0   0x00000102   Code   RO         4119    x$fpl$fmul          fz_ws.l(fmul.o)
    0x08005ff2   0x08005ff2   0x0000008c   Code   RO         4326    x$fpl$fnaninf       fz_ws.l(fnaninf.o)
    0x0800607e   0x0800607e   0x0000000a   Code   RO         4328    x$fpl$fretinf       fz_ws.l(fretinf.o)
    0x08006088   0x08006088   0x000000ea   Code   RO         4101    x$fpl$fsub          fz_ws.l(faddsub_clz.o)
    0x08006172   0x08006172   0x00000004   Code   RO         4330    x$fpl$printf1       fz_ws.l(printf1.o)
    0x08006176   0x08006176   0x00000004   Code   RO         4332    x$fpl$printf2       fz_ws.l(printf2.o)
    0x0800617a   0x0800617a   0x00000064   Code   RO         4547    x$fpl$retnan        fz_ws.l(retnan.o)
    0x080061de   0x080061de   0x0000005c   Code   RO         4442    x$fpl$scalbn        fz_ws.l(scalbn.o)
    0x0800623a   0x0800623a   0x00000030   Code   RO         4560    x$fpl$trapveneer    fz_ws.l(trapv.o)
    0x0800626a   0x0800626a   0x00000000   Code   RO         4338    x$fpl$usenofp       fz_ws.l(usenofp.o)
    0x0800626a   0x0800626a   0x000005f0   Data   RO         3492    .constdata          oled_data.o
    0x0800685a   0x0800685a   0x0000023a   Data   RO         3493    .constdata          oled_data.o
    0x08006a94   0x08006a94   0x00000d5c   Data   RO         3494    .constdata          oled_data.o
    0x080077f0   0x080077f0   0x000003f7   Data   RO         3495    .constdata          oled_data.o
    0x08007be7   0x08007be7   0x00000001   PAD
    0x08007be8   0x08007be8   0x00000008   Data   RO         4192    .constdata          c_w.l(_printf_wctomb.o)
    0x08007bf0   0x08007bf0   0x00000028   Data   RO         4221    .constdata          c_w.l(_printf_hex_int_ll_ptr.o)
    0x08007c18   0x08007c18   0x00000011   Data   RO         4241    .constdata          c_w.l(__printf_flags_ss_wp.o)
    0x08007c29   0x08007c29   0x0000000c   Data   RO         4266    .constdata          c_w.l(_monlen.o)
    0x08007c35   0x08007c35   0x00000003   PAD
    0x08007c38   0x08007c38   0x00000098   Data   RO         4341    .constdata          m_ws.l(atan.o)
    0x08007cd0   0x08007cd0   0x00000030   Data   RO         4350    .constdata          m_ws.l(cos_i.o)
    0x08007d00   0x08007d00   0x00000008   Data   RO         4366    .constdata          m_ws.l(qnan.o)
    0x08007d08   0x08007d08   0x000000c8   Data   RO         4369    .constdata          m_ws.l(rred.o)
    0x08007dd0   0x08007dd0   0x00000028   Data   RO         4373    .constdata          m_ws.l(sin_i.o)
    0x08007df8   0x08007df8   0x00000026   Data   RO         4418    .constdata          c_w.l(_printf_fp_hex.o)
    0x08007e1e   0x08007e1e   0x00000002   PAD
    0x08007e20   0x08007e20   0x00000094   Data   RO         4467    .constdata          c_w.l(bigflt0.o)
    0x08007eb4   0x08007eb4   0x00000020   Data   RO         4581    Region$$Table       anon$$obj.o
    0x08007ed4   0x08007ed4   0x0000001c   Data   RO         4491    locale$$data        c_w.l(lc_numeric_c.o)
    0x08007ef0   0x08007ef0   0x00000110   Data   RO         4522    locale$$data        c_w.l(lc_ctype_c.o)


    Execution Region RW_IRAM1 (Exec base: 0x20000000, Load base: 0x08008000, Size: 0x00001700, Max: 0x00005000, ABSOLUTE, COMPRESSED[0x00000490])

    Exec Addr    Load Addr    Size         Type   Attr      Idx    E Section Name        Object

    0x20000000   COMPRESSED   0x00000014   Data   RW         1798    .data               stm32f10x_rcc.o
    0x20000014   COMPRESSED   0x0000000c   Data   RW         3199    .data               myrtc.o
    0x20000020   COMPRESSED   0x00000220   Data   RW         3497    .data               oled_data.o
    0x20000240   COMPRESSED   0x00000220   Data   RW         3498    .data               oled_data.o
    0x20000460   COMPRESSED   0x00000220   Data   RW         3499    .data               oled_data.o
    0x20000680   COMPRESSED   0x00000100   Data   RW         3500    .data               oled_data.o
    0x20000780   COMPRESSED   0x00000090   Data   RW         3501    .data               oled_data.o
    0x20000810   COMPRESSED   0x00000010   Data   RW         3502    .data               oled_data.o
    0x20000820   COMPRESSED   0x00000090   Data   RW         3503    .data               oled_data.o
    0x200008b0   COMPRESSED   0x00000220   Data   RW         3504    .data               oled_data.o
    0x20000ad0   COMPRESSED   0x00000020   Data   RW         3505    .data               oled_data.o
    0x20000af0   COMPRESSED   0x00000020   Data   RW         3506    .data               oled_data.o
    0x20000b10   COMPRESSED   0x00000008   Data   RW         3507    .data               oled_data.o
    0x20000b18   COMPRESSED   0x00000008   Data   RW         3555    .data               tree.o
    0x20000b20   COMPRESSED   0x00000014   Data   RW         3615    .data               tree_ui.o
    0x20000b34   COMPRESSED   0x00000018   Data   RW         3709    .data               dino.o
    0x20000b4c   COMPRESSED   0x00000004   PAD
    0x20000b50   COMPRESSED   0x00000040   Data   RW         3770    .data               mpu6050.o
    0x20000b90        -       0x00000400   Zero   RW         3287    .bss                oled.o
    0x20000f90        -       0x000000e4   Zero   RW         4049    .bss                c_w.l(rand.o)
    0x20001074        -       0x0000002c   Zero   RW         4057    .bss                c_w.l(localtime.o)
    0x200010a0        -       0x00000060   Zero   RW         4381    .bss                c_w.l(libspace.o)
    0x20001100        -       0x00000200   Zero   RW            2    HEAP                startup_stm32f10x_md.o
    0x20001300        -       0x00000400   Zero   RW            1    STACK               startup_stm32f10x_md.o


==============================================================================

Image component sizes


      Code (inc. data)   RO Data    RW Data    ZI Data      Debug   Object Name

         0          0          0          0          0       4508   core_cm3.o
        76          0          0          0          0       1594   delay.o
       612         72          0         24          0       4955   dino.o
       296         16          0          0          0       1923   key_i.o
        30          0          0          0          0        419   main.o
       120         16          0          0          0     204631   misc.o
      1156        116          0         64          0       5588   mpu6050.o
       250         12          0         12          0       2963   myrtc.o
      1806         68          0          0       1024      14381   oled.o
         0          0       6525       2808          0       1573   oled_data.o
        64         26        236          0       1536        804   startup_stm32f10x_md.o
         0          0          0          0          0       1640   stm32f10x_adc.o
        32          8          0          0          0       1999   stm32f10x_bkp.o
       194          0          0          0          0      12144   stm32f10x_gpio.o
       318         10          0          0          0      14464   stm32f10x_i2c.o
        18          0          0          0          0       3562   stm32f10x_it.o
        12          6          0          0          0        458   stm32f10x_pwr.o
       300         48          0         20          0      14945   stm32f10x_rcc.o
       156         34          0          0          0       3549   stm32f10x_rtc.o
       238         42          0          0          0      25403   stm32f10x_tim.o
       248         24          0          0          0      46673   system_stm32f10x.o
       158          0          0          0          0        999   timer.o
       576         68          0          8          0       3567   tree.o
      3010        318          0         20          0       9214   tree_ui.o

    ----------------------------------------------------------------------
      9696        884       6794       2960       2560     381956   Object Totals
         0          0         32          0          0          0   (incl. Generated)
        26          0          1          4          0          0   (incl. Padding)

    ----------------------------------------------------------------------

      Code (inc. data)   RO Data    RW Data    ZI Data      Debug   Library Member Name

        90          0          0          0          0          0   __dczerorl2.o
         8          0          0          0          0         68   __main.o
       392          4         17          0          0         92   __printf_flags_ss_wp.o
        14          0          0          0          0         68   __printf_wp.o
         0          0          0          0          0          0   __rtentry.o
        12          0          0          0          0          0   __rtentry2.o
         6          0          0          0          0          0   __rtentry4.o
        52          8          0          0          0          0   __scatter.o
        28          0          0          0          0          0   __scatter_zi.o
         0          0         12          0          0          0   _monlen.o
         6          0          0          0          0          0   _printf_a.o
         6          0          0          0          0          0   _printf_c.o
        44          0          0          0          0        108   _printf_char.o
        48          6          0          0          0         96   _printf_char_common.o
        40          0          0          0          0         68   _printf_charcount.o
         6          0          0          0          0          0   _printf_d.o
       120         16          0          0          0         92   _printf_dec.o
         6          0          0          0          0          0   _printf_e.o
         6          0          0          0          0          0   _printf_f.o
      1054          0          0          0          0        216   _printf_fp_dec.o
       764          8         38          0          0        100   _printf_fp_hex.o
       128         16          0          0          0         84   _printf_fp_infnan.o
         6          0          0          0          0          0   _printf_g.o
       148          4         40          0          0        160   _printf_hex_int_ll_ptr.o
         6          0          0          0          0          0   _printf_i.o
       178          0          0          0          0         88   _printf_intcommon.o
        10          0          0          0          0          0   _printf_l.o
         6          0          0          0          0          0   _printf_lc.o
        10          0          0          0          0          0   _printf_ll.o
         6          0          0          0          0          0   _printf_lld.o
         6          0          0          0          0          0   _printf_lli.o
         6          0          0          0          0          0   _printf_llo.o
         6          0          0          0          0          0   _printf_llu.o
         6          0          0          0          0          0   _printf_llx.o
       124         16          0          0          0         92   _printf_longlong_dec.o
         6          0          0          0          0          0   _printf_ls.o
         6          0          0          0          0          0   _printf_n.o
         6          0          0          0          0          0   _printf_o.o
       112         10          0          0          0        124   _printf_oct_int_ll.o
         6          0          0          0          0          0   _printf_p.o
        78          0          0          0          0        108   _printf_pad.o
         0          0          0          0          0          0   _printf_percent.o
         4          0          0          0          0          0   _printf_percent_end.o
         6          0          0          0          0          0   _printf_s.o
        82          0          0          0          0         80   _printf_str.o
        36          0          0          0          0         84   _printf_truncate.o
         6          0          0          0          0          0   _printf_u.o
        44          0          0          0          0        108   _printf_wchar.o
       188          6          8          0          0         92   _printf_wctomb.o
         6          0          0          0          0          0   _printf_x.o
        22          0          0          0          0        100   _rserrno.o
        10          0          0          0          0         68   _sputc.o
        64          0          0          0          0         92   _wcrtomb.o
       228          4        148          0          0         96   bigflt0.o
      1936        128          0          0          0        672   btod.o
        10          0          0          0          0         68   defsig_exit.o
        50          0          0          0          0         88   defsig_general.o
        80         58          0          0          0         76   defsig_rtmem_inner.o
        14          0          0          0          0         80   defsig_rtmem_outer.o
        18          0          0          0          0         80   exit.o
        94          0          0          0          0         80   h1_alloc.o
        52          0          0          0          0         68   h1_extend.o
        78          0          0          0          0         80   h1_free.o
        14          0          0          0          0         84   h1_init.o
         6          0          0          0          0        152   heapauxi.o
         4          0          0          0          0        136   hguard.o
         0          0          0          0          0          0   indicate_semi.o
       138          0          0          0          0        168   init_alloc.o
        44         10        272          0          0         76   lc_ctype_c.o
        44         10         28          0          0         76   lc_numeric_c.o
         2          0          0          0          0          0   libinit.o
        42          0          0          0          0          0   libinit2.o
         2          0          0          0          0          0   libshutdown.o
         2          0          0          0          0          0   libshutdown2.o
         8          4          0          0         96         68   libspace.o
       138          0          0          0          0         80   lludiv10.o
        12          6          0          0         44         68   localtime.o
       184          6          0          0          0         80   localtime_internal.o
         0          0          0          0          0          0   maybetermalloc1.o
       428         10          0          0          0        116   mktime.o
       112         18          0          0        228        160   rand.o
        16          4          0          0          0         76   rt_ctype_table.o
         8          4          0          0          0         68   rt_errno_addr_intlibspace.o
         8          4          0          0          0         68   rt_heap_descriptor_intlibspace.o
         8          4          0          0          0         68   rt_locale_intlibspace.o
        78          0          0          0          0         80   rt_memclr_w.o
       100          0          0          0          0         80   rt_memcpy_w.o
         2          0          0          0          0          0   rtexit.o
        10          0          0          0          0          0   rtexit2.o
       128          0          0          0          0         68   strcmpv7m.o
        12          4          0          0          0         68   sys_exit.o
        74          0          0          0          0         80   sys_stackheap_outer.o
        14          0          0          0          0         76   sys_wrch.o
         2          0          0          0          0         68   use_no_semi.o
        36          4          0          0          0         76   vsprintf.o
        98          4          0          0          0         92   d2f.o
       826         16          0          0          0        348   daddsub_clz.o
        16          4          0          0          0         68   dcheck1.o
        24          0          0          0          0         68   dcmpi.o
       688        140          0          0          0        208   ddiv.o
       120          4          0          0          0         92   deqf.o
        94          4          0          0          0         92   dfix.o
        90          4          0          0          0         92   dfixu.o
        84          0          0          0          0        136   dflt_clz.o
       340         12          0          0          0        104   dmul.o
       156          4          0          0          0         92   dnaninf.o
        12          0          0          0          0         68   dretinf.o
        86          4          0          0          0         84   f2d.o
       430          8          0          0          0        168   faddsub_clz.o
       388         76          0          0          0         96   fdiv.o
        54          4          0          0          0         84   ffix.o
        48          0          0          0          0         68   fflt_clz.o
       258          4          0          0          0         84   fmul.o
       140          4          0          0          0         84   fnaninf.o
        10          0          0          0          0         68   fretinf.o
         4          0          0          0          0         68   printf1.o
         4          0          0          0          0         68   printf2.o
       100          0          0          0          0         68   retnan.o
        92          0          0          0          0         68   scalbn.o
        48          0          0          0          0         68   trapv.o
         0          0          0          0          0          0   usenofp.o
       544         70        152          0          0        124   atan.o
       412         38          0          0          0        144   atan2.o
       252         22         48          0          0        124   cos_i.o
        38          6          0          0          0        272   dunder.o
        40          0          0          0          0         68   fpclassify.o
       170          0          0          0          0         96   poly.o
         0          0          8          0          0          0   qnan.o
       904         76        200          0          0        140   rred.o
       160         10          0          0          0        108   sin.o
       236         12         40          0          0        128   sin_i.o

    ----------------------------------------------------------------------
     15262        898       1016          0        368       9456   Library Totals
        30          0          5          0          0          0   (incl. Padding)

    ----------------------------------------------------------------------

      Code (inc. data)   RO Data    RW Data    ZI Data      Debug   Library Name

      8266        372        563          0        368       5716   c_w.l
      4210        292          0          0          0       2536   fz_ws.l
      2756        234        448          0          0       1204   m_ws.l

    ----------------------------------------------------------------------
     15262        898       1016          0        368       9456   Library Totals

    ----------------------------------------------------------------------

==============================================================================


      Code (inc. data)   RO Data    RW Data    ZI Data      Debug   

     24958       1782       7810       2960       2928     380280   Grand Totals
     24958       1782       7810       1168       2928     380280   ELF Image Totals (compressed)
     24958       1782       7810       1168          0          0   ROM Totals

==============================================================================

    Total RO  Size (Code + RO Data)                32768 (  32.00kB)
    Total RW  Size (RW Data + ZI Data)              5888 (   5.75kB)
    Total ROM Size (Code + RO Data + RW Data)      33936 (  33.14kB)

==============================================================================

